Archive member included to satisfy reference by file (symbol)

C:\Users\247638\Desktop\centrumdowodzeniawszechswiata\lpc17xx_xpr_bb_140609.zip_expanded\Lib_CMSISv1p30_LPC17xx\Debug\libCMSISv1p30_LPC17xx.a(system_LPC17xx.o)
                              ./src/main.o (SystemCoreClock)
C:\Users\247638\Desktop\centrumdowodzeniawszechswiata\lpc17xx_xpr_bb_140609.zip_expanded\Lib_EaBaseBoard\Debug\libLib_EaBaseBoard.a(light.o)
                              ./src/main.o (I2CRead)
C:\Users\247638\Desktop\centrumdowodzeniawszechswiata\lpc17xx_xpr_bb_140609.zip_expanded\Lib_EaBaseBoard\Debug\libLib_EaBaseBoard.a(oled.o)
                              ./src/main.o (oled_putPixel)
C:\Users\247638\Desktop\centrumdowodzeniawszechswiata\lpc17xx_xpr_bb_140609.zip_expanded\Lib_EaBaseBoard\Debug\libLib_EaBaseBoard.a(temp.o)
                              ./src/main.o (temp_init)
C:\Users\247638\Desktop\centrumdowodzeniawszechswiata\lpc17xx_xpr_bb_140609.zip_expanded\Lib_EaBaseBoard\Debug\libLib_EaBaseBoard.a(font5x7.o)
                              C:\Users\247638\Desktop\centrumdowodzeniawszechswiata\lpc17xx_xpr_bb_140609.zip_expanded\Lib_EaBaseBoard\Debug\libLib_EaBaseBoard.a(oled.o) (font5x7)
C:\Users\247638\Desktop\centrumdowodzeniawszechswiata\lpc17xx_xpr_bb_140609.zip_expanded\Lib_MCU\Debug\libLib_MCU.a(lpc17xx_gpio.o)
                              C:\Users\247638\Desktop\centrumdowodzeniawszechswiata\lpc17xx_xpr_bb_140609.zip_expanded\Lib_EaBaseBoard\Debug\libLib_EaBaseBoard.a(oled.o) (GPIO_SetDir)
C:\Users\247638\Desktop\centrumdowodzeniawszechswiata\lpc17xx_xpr_bb_140609.zip_expanded\Lib_MCU\Debug\libLib_MCU.a(lpc17xx_i2c.o)
                              ./src/main.o (I2C_Init)
C:\Users\247638\Desktop\centrumdowodzeniawszechswiata\lpc17xx_xpr_bb_140609.zip_expanded\Lib_MCU\Debug\libLib_MCU.a(lpc17xx_pinsel.o)
                              ./src/main.o (PINSEL_ConfigPin)
C:\Users\247638\Desktop\centrumdowodzeniawszechswiata\lpc17xx_xpr_bb_140609.zip_expanded\Lib_MCU\Debug\libLib_MCU.a(lpc17xx_ssp.o)
                              ./src/main.o (SSP_Init)
C:\Users\247638\Desktop\centrumdowodzeniawszechswiata\lpc17xx_xpr_bb_140609.zip_expanded\Lib_MCU\Debug\libLib_MCU.a(lpc17xx_timer.o)
                              ./src/main.o (Timer0_Wait)
C:\Users\247638\Desktop\centrumdowodzeniawszechswiata\lpc17xx_xpr_bb_140609.zip_expanded\Lib_MCU\Debug\libLib_MCU.a(lpc17xx_clkpwr.o)
                              C:\Users\247638\Desktop\centrumdowodzeniawszechswiata\lpc17xx_xpr_bb_140609.zip_expanded\Lib_MCU\Debug\libLib_MCU.a(lpc17xx_i2c.o) (CLKPWR_SetPCLKDiv)
c:/nxp/mcuxpressoide_11.3.1_5262/ide/plugins/com.nxp.mcuxpresso.tools.win32_11.3.0.202008311133/tools/bin/../lib/gcc/arm-none-eabi/9.3.1/thumb/v7-m/nofp\libgcc.a(_aeabi_uldivmod.o)
                              C:\Users\247638\Desktop\centrumdowodzeniawszechswiata\lpc17xx_xpr_bb_140609.zip_expanded\Lib_CMSISv1p30_LPC17xx\Debug\libCMSISv1p30_LPC17xx.a(system_LPC17xx.o) (__aeabi_uldivmod)
c:/nxp/mcuxpressoide_11.3.1_5262/ide/plugins/com.nxp.mcuxpresso.tools.win32_11.3.0.202008311133/tools/bin/../lib/gcc/arm-none-eabi/9.3.1/thumb/v7-m/nofp\libgcc.a(_udivmoddi4.o)
                              c:/nxp/mcuxpressoide_11.3.1_5262/ide/plugins/com.nxp.mcuxpresso.tools.win32_11.3.0.202008311133/tools/bin/../lib/gcc/arm-none-eabi/9.3.1/thumb/v7-m/nofp\libgcc.a(_aeabi_uldivmod.o) (__udivmoddi4)
c:/nxp/mcuxpressoide_11.3.1_5262/ide/plugins/com.nxp.mcuxpresso.tools.win32_11.3.0.202008311133/tools/bin/../lib/gcc/arm-none-eabi/9.3.1/thumb/v7-m/nofp\libgcc.a(_dvmd_tls.o)
                              c:/nxp/mcuxpressoide_11.3.1_5262/ide/plugins/com.nxp.mcuxpresso.tools.win32_11.3.0.202008311133/tools/bin/../lib/gcc/arm-none-eabi/9.3.1/thumb/v7-m/nofp\libgcc.a(_aeabi_uldivmod.o) (__aeabi_ldiv0)
c:/nxp/mcuxpressoide_11.3.1_5262/ide/plugins/com.nxp.mcuxpresso.tools.win32_11.3.0.202008311133/tools/bin/../lib/gcc/arm-none-eabi/9.3.1/../../../../arm-none-eabi/lib/thumb/v7-m/nofp\libc.a(lib_a-memset.o)
                              C:\Users\247638\Desktop\centrumdowodzeniawszechswiata\lpc17xx_xpr_bb_140609.zip_expanded\Lib_EaBaseBoard\Debug\libLib_EaBaseBoard.a(oled.o) (memset)

Discarded input sections

 .group         0x00000000        0xc ./src/cr_startup_lpc17.o
 .group         0x00000000        0xc ./src/cr_startup_lpc17.o
 .group         0x00000000        0xc ./src/cr_startup_lpc17.o
 .group         0x00000000        0xc ./src/cr_startup_lpc17.o
 .group         0x00000000        0xc ./src/cr_startup_lpc17.o
 .group         0x00000000        0xc ./src/cr_startup_lpc17.o
 .group         0x00000000        0xc ./src/cr_startup_lpc17.o
 .text          0x00000000        0x0 ./src/cr_startup_lpc17.o
 .data          0x00000000        0x0 ./src/cr_startup_lpc17.o
 .bss           0x00000000        0x0 ./src/cr_startup_lpc17.o
 .text.SysTick_Handler
                0x00000000        0x6 ./src/cr_startup_lpc17.o
 .group         0x00000000        0xc ./src/main.o
[...]
Memory Configuration

Name             Origin             Length             Attributes
MFlash512        0x00000000         0x00080000         xr
RamLoc32         0x10000000         0x00008000         xrw
RamAHB32         0x2007c000         0x00008000         xrw
*default*        0x00000000         0xffffffff

Linker script and memory map

LOAD ./src/cr_startup_lpc17.o
LOAD ./src/main.o
LOAD C:\Users\247638\Desktop\centrumdowodzeniawszechswiata\lpc17xx_xpr_bb_140609.zip_expanded\Lib_CMSISv1p30_LPC17xx\Debug\libCMSISv1p30_LPC17xx.a
LOAD C:\Users\247638\Desktop\centrumdowodzeniawszechswiata\lpc17xx_xpr_bb_140609.zip_expanded\Lib_EaBaseBoard\Debug\libLib_EaBaseBoard.a
LOAD C:\Users\247638\Desktop\centrumdowodzeniawszechswiata\lpc17xx_xpr_bb_140609.zip_expanded\Lib_MCU\Debug\libLib_MCU.a
START GROUP
LOAD c:/nxp/mcuxpressoide_11.3.1_5262/ide/plugins/com.nxp.mcuxpresso.tools.win32_11.3.0.202008311133/tools/bin/../lib/gcc/arm-none-eabi/9.3.1/thumb/v7-m/nofp\libgcc.a
LOAD c:/nxp/mcuxpressoide_11.3.1_5262/ide/plugins/com.nxp.mcuxpresso.tools.win32_11.3.0.202008311133/tools/bin/../lib/gcc/arm-none-eabi/9.3.1/../../../../arm-none-eabi/lib/thumb/v7-m/nofp\libc.a
LOAD c:/nxp/mcuxpressoide_11.3.1_5262/ide/plugins/com.nxp.mcuxpresso.tools.win32_11.3.0.202008311133/tools/bin/../lib/gcc/arm-none-eabi/9.3.1/../../../../arm-none-eabi/lib/thumb/v7-m/nofp\libm.a
LOAD c:/nxp/mcuxpressoide_11.3.1_5262/ide/plugins/com.nxp.mcuxpresso.tools.win32_11.3.0.202008311133/tools/bin/../lib/gcc/arm-none-eabi/9.3.1/../../../../arm-none-eabi/lib/thumb/v7-m/nofp\libcr_newlib_semihost.a
END GROUP
                0x00000000                __base_MFlash512 = 0x0
                0x00000000                __base_Flash = 0x0
                0x00080000                __top_MFlash512 = 0x80000
                0x00080000                __top_Flash = 0x80000
                0x10000000                __base_RamLoc32 = 0x10000000
                0x10000000                __base_RAM = 0x10000000
                0x10008000                __top_RamLoc32 = 0x10008000
                0x10008000                __top_RAM = 0x10008000
                0x2007c000                __base_RamAHB32 = 0x2007c000
                0x2007c000                __base_RAM2 = 0x2007c000
                0x20084000                __top_RamAHB32 = 0x20084000
                0x20084000                __top_RAM2 = 0x20084000

.text           0x00000000     0x30f0
 FILL mask 0xff
                0x00000000                __vectors_start__ = ABSOLUTE (.)
 *(.isr_vector)
 .isr_vector    0x00000000       0xcc ./src/cr_startup_lpc17.o
                0x00000000                g_pfnVectors
                0x000000cc                . = ALIGN (0x4)
                0x000000cc                __section_table_start = .
                0x000000cc                __data_section_table = .
                0x000000cc        0x4 LONG 0x30f8 LOADADDR (.data)
                0x000000d0        0x4 LONG 0x10000000 ADDR (.data)
                0x000000d4        0x4 LONG 0xc SIZEOF (.data)
                0x000000d8        0x4 LONG 0x30f8 LOADADDR (.data_RAM2)
                0x000000dc        0x4 LONG 0x2007c000 ADDR (.data_RAM2)
                0x000000e0        0x4 LONG 0x0 SIZEOF (.data_RAM2)
                0x000000e4                __data_section_table_end = .
                0x000000e4                __bss_section_table = .
                0x000000e4        0x4 LONG 0x1000000c ADDR (.bss)
                0x000000e8        0x4 LONG 0x348 SIZEOF (.bss)
                0x000000ec        0x4 LONG 0x2007c000 ADDR (.bss_RAM2)
                0x000000f0        0x4 LONG 0x0 SIZEOF (.bss_RAM2)
                0x000000f4                __bss_section_table_end = .
                0x000000f4                __section_table_end = .
 *(.after_vectors*)
 *(.text*)
 .text.ResetISR
                0x000000f4       0x58 ./src/cr_startup_lpc17.o
                0x000000f4                ResetISR
 .text.NMI_Handler
                0x0000014c        0x6 ./src/cr_startup_lpc17.o
                0x0000014c                NMI_Handler
 .text.HardFault_Handler
                0x00000152        0x6 ./src/cr_startup_lpc17.o
                0x00000152                HardFault_Handler
 .text.MemManage_Handler
                0x00000158        0x6 ./src/cr_startup_lpc17.o
                0x00000158                MemManage_Handler
 .text.BusFault_Handler
                0x0000015e        0x6 ./src/cr_startup_lpc17.o
                0x0000015e                BusFault_Handler
 .text.UsageFault_Handler
                0x00000164        0x6 ./src/cr_startup_lpc17.o
                0x00000164                UsageFault_Handler
 .text.SVCall_Handler
                0x0000016a        0x6 ./src/cr_startup_lpc17.o
                0x0000016a                SVCall_Handler
 .text.DebugMon_Handler
                0x00000170        0x6 ./src/cr_startup_lpc17.o
                0x00000170                DebugMon_Handler
 .text.PendSV_Handler
                0x00000176        0x6 ./src/cr_startup_lpc17.o
                0x00000176                PendSV_Handler
 .text.IntDefaultHandler
                0x0000017c        0x6 ./src/cr_startup_lpc17.o
                0x0000017c                TIMER2_IRQHandler
                0x0000017c                RIT_IRQHandler
                0x0000017c                I2C0_IRQHandler
                0x0000017c                USBActivity_IRQHandler
                0x0000017c                PWM1_IRQHandler
                0x0000017c                I2C1_IRQHandler
                0x0000017c                EINT2_IRQHandler
                0x0000017c                UART1_IRQHandler
                0x0000017c                EINT3_IRQHandler
                0x0000017c                CANActivity_IRQHandler
                0x0000017c                TIMER3_IRQHandler
                0x0000017c                UART0_IRQHandler
                0x0000017c                IntDefaultHandler
                0x0000017c                PLL0_IRQHandler
                0x0000017c                CAN_IRQHandler
                0x0000017c                PLL1_IRQHandler
                0x0000017c                SSP0_IRQHandler
                0x0000017c                I2S_IRQHandler
                0x0000017c                I2C2_IRQHandler
                0x0000017c                RTC_IRQHandler
                0x0000017c                TIMER0_IRQHandler
                0x0000017c                SPI_IRQHandler
                0x0000017c                EINT1_IRQHandler
                0x0000017c                TIMER1_IRQHandler
                0x0000017c                UART2_IRQHandler
                0x0000017c                ADC_IRQHandler
                0x0000017c                SSP1_IRQHandler
                0x0000017c                USB_IRQHandler
                0x0000017c                BOD_IRQHandler
                0x0000017c                WDT_IRQHandler
                0x0000017c                QEI_IRQHandler
                0x0000017c                EINT0_IRQHandler
                0x0000017c                DMA_IRQHandler
                0x0000017c                UART3_IRQHandler
                0x0000017c                MCPWM_IRQHandler
                0x0000017c                ENET_IRQHandler
 *fill*         0x00000182        0x2 ff
 .text.NVIC_SetPriority
                0x00000184       0x54 ./src/main.o
 .text.SysTick_Config
                0x000001d8       0x44 ./src/main.o
 .text.intToString
                0x0000021c       0xc8 ./src/main.o
 .text.SysTick_Handler
                0x000002e4       0x1c ./src/main.o
                0x000002e4                SysTick_Handler
 .text.getTicks
                0x00000300       0x14 ./src/main.o
 .text.init_ssp
                0x00000314       0x78 ./src/main.o
 .text.init_i2c
                0x0000038c       0x48 ./src/main.o
 .text.calc_pressure
                0x000003d4      0x4d0 ./src/main.o
                0x000003d4                calc_pressure
 .text.main     0x000008a4      0x17c ./src/main.o
                0x000008a4                main
 .text.check_failed
                0x00000a20        0xc ./src/main.o
                0x00000a20                check_failed
 .text.SystemInit
                0x00000a2c      0x140 C:\Users\247638\Desktop\centrumdowodzeniawszechswiata\lpc17xx_xpr_bb_140609.zip_expanded\Lib_CMSISv1p30_LPC17xx\Debug\libCMSISv1p30_LPC17xx.a(system_LPC17xx.o)
                0x00000a2c                SystemInit
 .text.I2CRead  0x00000b6c       0x50 C:\Users\247638\Desktop\centrumdowodzeniawszechswiata\lpc17xx_xpr_bb_140609.zip_expanded\Lib_EaBaseBoard\Debug\libLib_EaBaseBoard.a(light.o)
                0x00000b6c                I2CRead
 .text.I2CWrite
                0x00000bbc       0x50 C:\Users\247638\Desktop\centrumdowodzeniawszechswiata\lpc17xx_xpr_bb_140609.zip_expanded\Lib_EaBaseBoard\Debug\libLib_EaBaseBoard.a(light.o)
                0x00000bbc                I2CWrite
 .text.writeCommand
                0x00000c0c       0x48 C:\Users\247638\Desktop\centrumdowodzeniawszechswiata\lpc17xx_xpr_bb_140609.zip_expanded\Lib_EaBaseBoard\Debug\libLib_EaBaseBoard.a(oled.o)
 .text.writeData
                0x00000c54       0x48 C:\Users\247638\Desktop\centrumdowodzeniawszechswiata\lpc17xx_xpr_bb_140609.zip_expanded\Lib_EaBaseBoard\Debug\libLib_EaBaseBoard.a(oled.o)
 .text.writeDataLen
                0x00000c9c       0x78 C:\Users\247638\Desktop\centrumdowodzeniawszechswiata\lpc17xx_xpr_bb_140609.zip_expanded\Lib_EaBaseBoard\Debug\libLib_EaBaseBoard.a(oled.o)
 .text.runInitSequence
                0x00000d14       0xd4 C:\Users\247638\Desktop\centrumdowodzeniawszechswiata\lpc17xx_xpr_bb_140609.zip_expanded\Lib_EaBaseBoard\Debug\libLib_EaBaseBoard.a(oled.o)
 .text.oled_init
                0x00000de8       0x74 C:\Users\247638\Desktop\centrumdowodzeniawszechswiata\lpc17xx_xpr_bb_140609.zip_expanded\Lib_EaBaseBoard\Debug\libLib_EaBaseBoard.a(oled.o)
                0x00000de8                oled_init
 .text.oled_putPixel
                0x00000e5c      0x150 C:\Users\247638\Desktop\centrumdowodzeniawszechswiata\lpc17xx_xpr_bb_140609.zip_expanded\Lib_EaBaseBoard\Debug\libLib_EaBaseBoard.a(oled.o)
                0x00000e5c                oled_putPixel
 .text.oled_clearScreen
                0x00000fac       0x64 C:\Users\247638\Desktop\centrumdowodzeniawszechswiata\lpc17xx_xpr_bb_140609.zip_expanded\Lib_EaBaseBoard\Debug\libLib_EaBaseBoard.a(oled.o)
                0x00000fac                oled_clearScreen
 .text.oled_putChar
                0x00001010       0xd8 C:\Users\247638\Desktop\centrumdowodzeniawszechswiata\lpc17xx_xpr_bb_140609.zip_expanded\Lib_EaBaseBoard\Debug\libLib_EaBaseBoard.a(oled.o)
                0x00001010                oled_putChar
 .text.oled_putString
                0x000010e8       0x52 C:\Users\247638\Desktop\centrumdowodzeniawszechswiata\lpc17xx_xpr_bb_140609.zip_expanded\Lib_EaBaseBoard\Debug\libLib_EaBaseBoard.a(oled.o)
                0x000010e8                oled_putString
 *fill*         0x0000113a        0x2 ff
 .text.temp_init
                0x0000113c       0x24 C:\Users\247638\Desktop\centrumdowodzeniawszechswiata\lpc17xx_xpr_bb_140609.zip_expanded\Lib_EaBaseBoard\Debug\libLib_EaBaseBoard.a(temp.o)
                0x0000113c                temp_init
 .text.temp_read
                0x00001160       0xf0 C:\Users\247638\Desktop\centrumdowodzeniawszechswiata\lpc17xx_xpr_bb_140609.zip_expanded\Lib_EaBaseBoard\Debug\libLib_EaBaseBoard.a(temp.o)
                0x00001160                temp_read
 .text.GPIO_GetPointer
                0x00001250       0x70 C:\Users\247638\Desktop\centrumdowodzeniawszechswiata\lpc17xx_xpr_bb_140609.zip_expanded\Lib_MCU\Debug\libLib_MCU.a(lpc17xx_gpio.o)
 .text.GPIO_SetDir
                0x000012c0       0x4a C:\Users\247638\Desktop\centrumdowodzeniawszechswiata\lpc17xx_xpr_bb_140609.zip_expanded\Lib_MCU\Debug\libLib_MCU.a(lpc17xx_gpio.o)
                0x000012c0                GPIO_SetDir
 .text.GPIO_SetValue
                0x0000130a       0x2a C:\Users\247638\Desktop\centrumdowodzeniawszechswiata\lpc17xx_xpr_bb_140609.zip_expanded\Lib_MCU\Debug\libLib_MCU.a(lpc17xx_gpio.o)
                0x0000130a                GPIO_SetValue
 .text.GPIO_ClearValue
                0x00001334       0x2a C:\Users\247638\Desktop\centrumdowodzeniawszechswiata\lpc17xx_xpr_bb_140609.zip_expanded\Lib_MCU\Debug\libLib_MCU.a(lpc17xx_gpio.o)
                0x00001334                GPIO_ClearValue
 .text.GPIO_ReadValue
                0x0000135e       0x2a C:\Users\247638\Desktop\centrumdowodzeniawszechswiata\lpc17xx_xpr_bb_140609.zip_expanded\Lib_MCU\Debug\libLib_MCU.a(lpc17xx_gpio.o)
                0x0000135e                GPIO_ReadValue
 .text.NVIC_EnableIRQ
                0x00001388       0x30 C:\Users\247638\Desktop\centrumdowodzeniawszechswiata\lpc17xx_xpr_bb_140609.zip_expanded\Lib_MCU\Debug\libLib_MCU.a(lpc17xx_i2c.o)
 .text.NVIC_DisableIRQ
                0x000013b8       0x34 C:\Users\247638\Desktop\centrumdowodzeniawszechswiata\lpc17xx_xpr_bb_140609.zip_expanded\Lib_MCU\Debug\libLib_MCU.a(lpc17xx_i2c.o)
 .text.I2C_getNum
                0x000013ec       0x48 C:\Users\247638\Desktop\centrumdowodzeniawszechswiata\lpc17xx_xpr_bb_140609.zip_expanded\Lib_MCU\Debug\libLib_MCU.a(lpc17xx_i2c.o)
 .text.I2C_Start
                0x00001434       0x3a C:\Users\247638\Desktop\centrumdowodzeniawszechswiata\lpc17xx_xpr_bb_140609.zip_expanded\Lib_MCU\Debug\libLib_MCU.a(lpc17xx_i2c.o)
 .text.I2C_Stop
                0x0000146e       0x30 C:\Users\247638\Desktop\centrumdowodzeniawszechswiata\lpc17xx_xpr_bb_140609.zip_expanded\Lib_MCU\Debug\libLib_MCU.a(lpc17xx_i2c.o)
 .text.I2C_SendByte
                0x0000149e       0x4a C:\Users\247638\Desktop\centrumdowodzeniawszechswiata\lpc17xx_xpr_bb_140609.zip_expanded\Lib_MCU\Debug\libLib_MCU.a(lpc17xx_i2c.o)
 .text.I2C_GetByte
                0x000014e8       0x52 C:\Users\247638\Desktop\centrumdowodzeniawszechswiata\lpc17xx_xpr_bb_140609.zip_expanded\Lib_MCU\Debug\libLib_MCU.a(lpc17xx_i2c.o)
 *fill*         0x0000153a        0x2 ff
 .text.I2C_SetClock
                0x0000153c       0xa4 C:\Users\247638\Desktop\centrumdowodzeniawszechswiata\lpc17xx_xpr_bb_140609.zip_expanded\Lib_MCU\Debug\libLib_MCU.a(lpc17xx_i2c.o)
 .text.I2C_Init
                0x000015e0       0xa4 C:\Users\247638\Desktop\centrumdowodzeniawszechswiata\lpc17xx_xpr_bb_140609.zip_expanded\Lib_MCU\Debug\libLib_MCU.a(lpc17xx_i2c.o)
                0x000015e0                I2C_Init
 .text.I2C_Cmd  0x00001684       0x70 C:\Users\247638\Desktop\centrumdowodzeniawszechswiata\lpc17xx_xpr_bb_140609.zip_expanded\Lib_MCU\Debug\libLib_MCU.a(lpc17xx_i2c.o)
                0x00001684                I2C_Cmd
 .text.I2C_IntCmd
                0x000016f4       0x88 C:\Users\247638\Desktop\centrumdowodzeniawszechswiata\lpc17xx_xpr_bb_140609.zip_expanded\Lib_MCU\Debug\libLib_MCU.a(lpc17xx_i2c.o)
                0x000016f4                I2C_IntCmd
 .text.I2C_MasterTransferData
                0x0000177c      0x2cc C:\Users\247638\Desktop\centrumdowodzeniawszechswiata\lpc17xx_xpr_bb_140609.zip_expanded\Lib_MCU\Debug\libLib_MCU.a(lpc17xx_i2c.o)
                0x0000177c                I2C_MasterTransferData
 .text.set_PinFunc
                0x00001a48       0x80 C:\Users\247638\Desktop\centrumdowodzeniawszechswiata\lpc17xx_xpr_bb_140609.zip_expanded\Lib_MCU\Debug\libLib_MCU.a(lpc17xx_pinsel.o)
 .text.set_ResistorMode
                0x00001ac8       0x80 C:\Users\247638\Desktop\centrumdowodzeniawszechswiata\lpc17xx_xpr_bb_140609.zip_expanded\Lib_MCU\Debug\libLib_MCU.a(lpc17xx_pinsel.o)
 .text.set_OpenDrainMode
                0x00001b48       0x68 C:\Users\247638\Desktop\centrumdowodzeniawszechswiata\lpc17xx_xpr_bb_140609.zip_expanded\Lib_MCU\Debug\libLib_MCU.a(lpc17xx_pinsel.o)
 .text.PINSEL_ConfigPin
                0x00001bb0       0x46 C:\Users\247638\Desktop\centrumdowodzeniawszechswiata\lpc17xx_xpr_bb_140609.zip_expanded\Lib_MCU\Debug\libLib_MCU.a(lpc17xx_pinsel.o)
                0x00001bb0                PINSEL_ConfigPin
 *fill*         0x00001bf6        0x2 ff
 .text.setSSPclock
                0x00001bf8       0xc4 C:\Users\247638\Desktop\centrumdowodzeniawszechswiata\lpc17xx_xpr_bb_140609.zip_expanded\Lib_MCU\Debug\libLib_MCU.a(lpc17xx_ssp.o)
 .text.SSP_Init
                0x00001cbc       0x9c C:\Users\247638\Desktop\centrumdowodzeniawszechswiata\lpc17xx_xpr_bb_140609.zip_expanded\Lib_MCU\Debug\libLib_MCU.a(lpc17xx_ssp.o)
                0x00001cbc                SSP_Init
 .text.SSP_GetDataSize
                0x00001d58       0x40 C:\Users\247638\Desktop\centrumdowodzeniawszechswiata\lpc17xx_xpr_bb_140609.zip_expanded\Lib_MCU\Debug\libLib_MCU.a(lpc17xx_ssp.o)
                0x00001d58                SSP_GetDataSize
 .text.SSP_ConfigStructInit
                0x00001d98       0x3c C:\Users\247638\Desktop\centrumdowodzeniawszechswiata\lpc17xx_xpr_bb_140609.zip_expanded\Lib_MCU\Debug\libLib_MCU.a(lpc17xx_ssp.o)
                0x00001d98                SSP_ConfigStructInit
 .text.SSP_Cmd  0x00001dd4       0x6c C:\Users\247638\Desktop\centrumdowodzeniawszechswiata\lpc17xx_xpr_bb_140609.zip_expanded\Lib_MCU\Debug\libLib_MCU.a(lpc17xx_ssp.o)
                0x00001dd4                SSP_Cmd
 .text.SSP_SendData
                0x00001e40       0x40 C:\Users\247638\Desktop\centrumdowodzeniawszechswiata\lpc17xx_xpr_bb_140609.zip_expanded\Lib_MCU\Debug\libLib_MCU.a(lpc17xx_ssp.o)
                0x00001e40                SSP_SendData
 .text.SSP_ReceiveData
                0x00001e80       0x3c C:\Users\247638\Desktop\centrumdowodzeniawszechswiata\lpc17xx_xpr_bb_140609.zip_expanded\Lib_MCU\Debug\libLib_MCU.a(lpc17xx_ssp.o)
                0x00001e80                SSP_ReceiveData
 .text.SSP_ReadWrite
                0x00001ebc      0x34e C:\Users\247638\Desktop\centrumdowodzeniawszechswiata\lpc17xx_xpr_bb_140609.zip_expanded\Lib_MCU\Debug\libLib_MCU.a(lpc17xx_ssp.o)
                0x00001ebc                SSP_ReadWrite
 *fill*         0x0000220a        0x2 ff
 .text.getPClock
                0x0000220c       0x58 C:\Users\247638\Desktop\centrumdowodzeniawszechswiata\lpc17xx_xpr_bb_140609.zip_expanded\Lib_MCU\Debug\libLib_MCU.a(lpc17xx_timer.o)
 .text.converUSecToVal
                0x00002264       0x5c C:\Users\247638\Desktop\centrumdowodzeniawszechswiata\lpc17xx_xpr_bb_140609.zip_expanded\Lib_MCU\Debug\libLib_MCU.a(lpc17xx_timer.o)
 .text.converPtrToTimeNum
                0x000022c0       0x5c C:\Users\247638\Desktop\centrumdowodzeniawszechswiata\lpc17xx_xpr_bb_140609.zip_expanded\Lib_MCU\Debug\libLib_MCU.a(lpc17xx_timer.o)
 .text.TIM_GetIntStatus
                0x0000231c       0x98 C:\Users\247638\Desktop\centrumdowodzeniawszechswiata\lpc17xx_xpr_bb_140609.zip_expanded\Lib_MCU\Debug\libLib_MCU.a(lpc17xx_timer.o)
                0x0000231c                TIM_GetIntStatus
 .text.TIM_ClearIntPending
                0x000023b4       0x88 C:\Users\247638\Desktop\centrumdowodzeniawszechswiata\lpc17xx_xpr_bb_140609.zip_expanded\Lib_MCU\Debug\libLib_MCU.a(lpc17xx_timer.o)
                0x000023b4                TIM_ClearIntPending
 .text.TIM_Init
                0x0000243c      0x184 C:\Users\247638\Desktop\centrumdowodzeniawszechswiata\lpc17xx_xpr_bb_140609.zip_expanded\Lib_MCU\Debug\libLib_MCU.a(lpc17xx_timer.o)
                0x0000243c                TIM_Init
 .text.TIM_Cmd  0x000025c0       0x70 C:\Users\247638\Desktop\centrumdowodzeniawszechswiata\lpc17xx_xpr_bb_140609.zip_expanded\Lib_MCU\Debug\libLib_MCU.a(lpc17xx_timer.o)
                0x000025c0                TIM_Cmd
 .text.TIM_ConfigMatch
                0x00002630      0x184 C:\Users\247638\Desktop\centrumdowodzeniawszechswiata\lpc17xx_xpr_bb_140609.zip_expanded\Lib_MCU\Debug\libLib_MCU.a(lpc17xx_timer.o)
                0x00002630                TIM_ConfigMatch
 .text.Timer0_Wait
                0x000027b4       0x76 C:\Users\247638\Desktop\centrumdowodzeniawszechswiata\lpc17xx_xpr_bb_140609.zip_expanded\Lib_MCU\Debug\libLib_MCU.a(lpc17xx_timer.o)
                0x000027b4                Timer0_Wait
 *fill*         0x0000282a        0x2 ff
 .text.CLKPWR_SetPCLKDiv
                0x0000282c       0x90 C:\Users\247638\Desktop\centrumdowodzeniawszechswiata\lpc17xx_xpr_bb_140609.zip_expanded\Lib_MCU\Debug\libLib_MCU.a(lpc17xx_clkpwr.o)
                0x0000282c                CLKPWR_SetPCLKDiv
 .text.CLKPWR_GetPCLKSEL
                0x000028bc       0x48 C:\Users\247638\Desktop\centrumdowodzeniawszechswiata\lpc17xx_xpr_bb_140609.zip_expanded\Lib_MCU\Debug\libLib_MCU.a(lpc17xx_clkpwr.o)
                0x000028bc                CLKPWR_GetPCLKSEL
 .text.CLKPWR_GetPCLK
                0x00002904       0x64 C:\Users\247638\Desktop\centrumdowodzeniawszechswiata\lpc17xx_xpr_bb_140609.zip_expanded\Lib_MCU\Debug\libLib_MCU.a(lpc17xx_clkpwr.o)
                0x00002904                CLKPWR_GetPCLK
 .text.CLKPWR_ConfigPPWR
                0x00002968       0x58 C:\Users\247638\Desktop\centrumdowodzeniawszechswiata\lpc17xx_xpr_bb_140609.zip_expanded\Lib_MCU\Debug\libLib_MCU.a(lpc17xx_clkpwr.o)
                0x00002968                CLKPWR_ConfigPPWR
 .text          0x000029c0       0x30 c:/nxp/mcuxpressoide_11.3.1_5262/ide/plugins/com.nxp.mcuxpresso.tools.win32_11.3.0.202008311133/tools/bin/../lib/gcc/arm-none-eabi/9.3.1/thumb/v7-m/nofp\libgcc.a(_aeabi_uldivmod.o)
                0x000029c0                __aeabi_uldivmod
 .text          0x000029f0      0x2c4 c:/nxp/mcuxpressoide_11.3.1_5262/ide/plugins/com.nxp.mcuxpresso.tools.win32_11.3.0.202008311133/tools/bin/../lib/gcc/arm-none-eabi/9.3.1/thumb/v7-m/nofp\libgcc.a(_udivmoddi4.o)
                0x000029f0                __udivmoddi4
 .text          0x00002cb4        0x4 c:/nxp/mcuxpressoide_11.3.1_5262/ide/plugins/com.nxp.mcuxpresso.tools.win32_11.3.0.202008311133/tools/bin/../lib/gcc/arm-none-eabi/9.3.1/thumb/v7-m/nofp\libgcc.a(_dvmd_tls.o)
                0x00002cb4                __aeabi_idiv0
                0x00002cb4                __aeabi_ldiv0
 .text.memset   0x00002cb8       0xa0 c:/nxp/mcuxpressoide_11.3.1_5262/ide/plugins/com.nxp.mcuxpresso.tools.win32_11.3.0.202008311133/tools/bin/../lib/gcc/arm-none-eabi/9.3.1/../../../../arm-none-eabi/lib/thumb/v7-m/nofp\libc.a(lib_a-memset.o)
                0x00002cb8                memset
 *(.rodata .rodata.* .constdata .constdata.*)
 .rodata.str1.4
                0x00002d58       0x59 ./src/main.o
 *fill*         0x00002db1        0x3 ff
 .rodata        0x00002db4        0x8 C:\Users\247638\Desktop\centrumdowodzeniawszechswiata\lpc17xx_xpr_bb_140609.zip_expanded\Lib_EaBaseBoard\Debug\libLib_EaBaseBoard.a(oled.o)
 .rodata        0x00002dbc      0x300 C:\Users\247638\Desktop\centrumdowodzeniawszechswiata\lpc17xx_xpr_bb_140609.zip_expanded\Lib_EaBaseBoard\Debug\libLib_EaBaseBoard.a(font5x7.o)
                0x00002dbc                font5x7
 .rodata.str1.4
                0x000030bc        0xf C:\Users\247638\Desktop\centrumdowodzeniawszechswiata\lpc17xx_xpr_bb_140609.zip_expanded\Lib_MCU\Debug\libLib_MCU.a(lpc17xx_i2c.o)
 *fill*         0x000030cb        0x1 ff
 .rodata.str1.4
                0x000030cc        0xf C:\Users\247638\Desktop\centrumdowodzeniawszechswiata\lpc17xx_xpr_bb_140609.zip_expanded\Lib_MCU\Debug\libLib_MCU.a(lpc17xx_ssp.o)
 *fill*         0x000030db        0x1 ff
 .rodata.str1.4
                0x000030dc       0x11 C:\Users\247638\Desktop\centrumdowodzeniawszechswiata\lpc17xx_xpr_bb_140609.zip_expanded\Lib_MCU\Debug\libLib_MCU.a(lpc17xx_timer.o)
                0x000030f0                . = ALIGN (0x4)
 *fill*         0x000030ed        0x3 ff

.glue_7         0x000030f0        0x0
 .glue_7        0x000030f0        0x0 linker stubs

.glue_7t        0x000030f0        0x0
 .glue_7t       0x000030f0        0x0 linker stubs

.vfp11_veneer   0x000030f0        0x0
 .vfp11_veneer  0x000030f0        0x0 linker stubs

.v4_bx          0x000030f0        0x0
 .v4_bx         0x000030f0        0x0 linker stubs

.iplt           0x000030f0        0x0
 .iplt          0x000030f0        0x0 ./src/cr_startup_lpc17.o

.ARM.extab
 *(.ARM.extab* .gnu.linkonce.armextab.*)

.ARM.exidx      0x000030f0        0x8
                0x000030f0                __exidx_start = .
 *(.ARM.exidx* .gnu.linkonce.armexidx.*)
 .ARM.exidx     0x000030f0        0x8 c:/nxp/mcuxpressoide_11.3.1_5262/ide/plugins/com.nxp.mcuxpresso.tools.win32_11.3.0.202008311133/tools/bin/../lib/gcc/arm-none-eabi/9.3.1/thumb/v7-m/nofp\libgcc.a(_udivmoddi4.o)
                0x000030f8                __exidx_end = .
                0x000030f8                _etext = .

.rel.dyn        0x000030f8        0x0
 .rel.iplt      0x000030f8        0x0 ./src/cr_startup_lpc17.o

.data_RAM2      0x2007c000        0x0 load address 0x000030f8
 FILL mask 0xff
                [!provide]                PROVIDE (__start_data_RAM2 = .)
                [!provide]                PROVIDE (__start_data_RamAHB32 = .)
 *(.ramfunc.$RAM2)
 *(.ramfunc.$RamAHB32)
 *(.data.$RAM2)
 *(.data.$RamAHB32)
 *(.data.$RAM2.*)
 *(.data.$RamAHB32.*)
                0x2007c000                . = ALIGN (0x4)
                [!provide]                PROVIDE (__end_data_RAM2 = .)
                [!provide]                PROVIDE (__end_data_RamAHB32 = .)

.uninit_RESERVED
                0x10000000        0x0
                0x10000000                _start_uninit_RESERVED = .
 *(.bss.$RESERVED*)
                0x10000000                . = ALIGN (0x4)
                0x10000000                _end_uninit_RESERVED = .

.data           0x10000000        0xc load address 0x000030f8
 FILL mask 0xff
                0x10000000                _data = .
                [!provide]                PROVIDE (__start_data_RAM = .)
                [!provide]                PROVIDE (__start_data_RamLoc32 = .)
 *(vtable)
 *(.ramfunc*)
 *(CodeQuickAccess)
 *(DataQuickAccess)
 *(RamFunction)
 *(.data*)
 .data          0x10000000        0x8 ./src/main.o
 .data          0x10000008        0x4 C:\Users\247638\Desktop\centrumdowodzeniawszechswiata\lpc17xx_xpr_bb_140609.zip_expanded\Lib_CMSISv1p30_LPC17xx\Debug\libCMSISv1p30_LPC17xx.a(system_LPC17xx.o)
                0x10000008                SystemCoreClock
                0x1000000c                . = ALIGN (0x4)
                0x1000000c                _edata = .
                [!provide]                PROVIDE (__end_data_RAM = .)
                [!provide]                PROVIDE (__end_data_RamLoc32 = .)

.igot.plt       0x1000000c        0x0 load address 0x00003104
 .igot.plt      0x1000000c        0x0 ./src/cr_startup_lpc17.o

.bss_RAM2       0x2007c000        0x0
                [!provide]                PROVIDE (__start_bss_RAM2 = .)
                [!provide]                PROVIDE (__start_bss_RamAHB32 = .)
 *(.bss.$RAM2)
 *(.bss.$RamAHB32)
 *(.bss.$RAM2.*)
 *(.bss.$RamAHB32.*)
                0x2007c000                . = ALIGN ((. != 0x0)?0x4:0x1)
                [!provide]                PROVIDE (__end_bss_RAM2 = .)
                [!provide]                PROVIDE (__end_bss_RamAHB32 = .)

.bss            0x1000000c      0x348
                0x1000000c                _bss = .
                [!provide]                PROVIDE (__start_bss_RAM = .)
                [!provide]                PROVIDE (__start_bss_RamLoc32 = .)
 *(.bss*)
 .bss           0x1000000c        0xe ./src/main.o
 *fill*         0x1000001a        0x2 
 .bss           0x1000001c      0x300 C:\Users\247638\Desktop\centrumdowodzeniawszechswiata\lpc17xx_xpr_bb_140609.zip_expanded\Lib_EaBaseBoard\Debug\libLib_EaBaseBoard.a(oled.o)
 .bss           0x1000031c        0x4 C:\Users\247638\Desktop\centrumdowodzeniawszechswiata\lpc17xx_xpr_bb_140609.zip_expanded\Lib_EaBaseBoard\Debug\libLib_EaBaseBoard.a(temp.o)
 .bss           0x10000320       0x34 C:\Users\247638\Desktop\centrumdowodzeniawszechswiata\lpc17xx_xpr_bb_140609.zip_expanded\Lib_MCU\Debug\libLib_MCU.a(lpc17xx_i2c.o)
 *(COMMON)
                0x10000354                . = ALIGN (0x4)
                0x10000354                _ebss = .
                [!provide]                PROVIDE (__end_bss_RAM = .)
                [!provide]                PROVIDE (__end_bss_RamLoc32 = .)
                [!provide]                PROVIDE (end = .)

.noinit_RAM2    0x2007c000        0x0
                [!provide]                PROVIDE (__start_noinit_RAM2 = .)
                [!provide]                PROVIDE (__start_noinit_RamAHB32 = .)
 *(.noinit.$RAM2)
 *(.noinit.$RamAHB32)
 *(.noinit.$RAM2.*)
 *(.noinit.$RamAHB32.*)
                0x2007c000                . = ALIGN (0x4)
                [!provide]                PROVIDE (__end_noinit_RAM2 = .)
                [!provide]                PROVIDE (__end_noinit_RamAHB32 = .)

.noinit         0x10000354        0x0
                0x10000354                _noinit = .
                [!provide]                PROVIDE (__start_noinit_RAM = .)
                [!provide]                PROVIDE (__start_noinit_RamLoc32 = .)
 *(.noinit*)
                0x10000354                . = ALIGN (0x4)
                0x10000354                _end_noinit = .
                [!provide]                PROVIDE (__end_noinit_RAM = .)
                [!provide]                PROVIDE (__end_noinit_RamLoc32 = .)
                [!provide]                PROVIDE (_pvHeapStart = DEFINED (__user_heap_base)?__user_heap_base:.)
                0x10008000                PROVIDE (_vStackTop = DEFINED (__user_stack_top)?__user_stack_top:(__top_RamLoc32 - 0x0))
                [!provide]                PROVIDE (__valid_user_code_checksum = (0x0 - ((((((_vStackTop + (ResetISR + 0x1)) + (NMI_Handler + 0x1)) + (HardFault_Handler + 0x1)) + (DEFINED (MemManage_Handler)?MemManage_Handler:0x0 + 0x1)) + (DEFINED (BusFault_Handler)?BusFault_Handler:0x0 + 0x1)) + (DEFINED (UsageFault_Handler)?UsageFault_Handler:0x0 + 0x1))))
                0x00000000                _image_start = LOADADDR (.text)
                0x00003104                _image_end = (LOADADDR (.data) + SIZEOF (.data))
                0x00003104                _image_size = (_image_end - _image_start)
OUTPUT(oled_periph.axf elf32-littlearm)
LOAD linker stubs

.debug_info     0x00000000     0x5c47
 .debug_info    0x00000000      0x1fe ./src/cr_startup_lpc17.o
 .debug_info    0x000001fe      0xbb2 ./src/main.o
 .debug_info    0x00000db0      0x345 C:\Users\247638\Desktop\centrumdowodzeniawszechswiata\lpc17xx_xpr_bb_140609.zip_expanded\Lib_CMSISv1p30_LPC17xx\Debug\libCMSISv1p30_LPC17xx.a(system_LPC17xx.o)
 .debug_info    0x000010f5      0x795 C:\Users\247638\Desktop\centrumdowodzeniawszechswiata\lpc17xx_xpr_bb_140609.zip_expanded\Lib_EaBaseBoard\Debug\libLib_EaBaseBoard.a(light.o)
 .debug_info    0x0000188a      0x9d1 C:\Users\247638\Desktop\centrumdowodzeniawszechswiata\lpc17xx_xpr_bb_140609.zip_expanded\Lib_EaBaseBoard\Debug\libLib_EaBaseBoard.a(oled.o)
 .debug_info    0x0000225b      0x183 C:\Users\247638\Desktop\centrumdowodzeniawszechswiata\lpc17xx_xpr_bb_140609.zip_expanded\Lib_EaBaseBoard\Debug\libLib_EaBaseBoard.a(temp.o)
 .debug_info    0x000023de       0x62 C:\Users\247638\Desktop\centrumdowodzeniawszechswiata\lpc17xx_xpr_bb_140609.zip_expanded\Lib_EaBaseBoard\Debug\libLib_EaBaseBoard.a(font5x7.o)
 .debug_info    0x00002440      0xe1a C:\Users\247638\Desktop\centrumdowodzeniawszechswiata\lpc17xx_xpr_bb_140609.zip_expanded\Lib_MCU\Debug\libLib_MCU.a(lpc17xx_gpio.o)
 .debug_info    0x0000325a      0xdca C:\Users\247638\Desktop\centrumdowodzeniawszechswiata\lpc17xx_xpr_bb_140609.zip_expanded\Lib_MCU\Debug\libLib_MCU.a(lpc17xx_i2c.o)
 .debug_info    0x00004024      0x4cd C:\Users\247638\Desktop\centrumdowodzeniawszechswiata\lpc17xx_xpr_bb_140609.zip_expanded\Lib_MCU\Debug\libLib_MCU.a(lpc17xx_pinsel.o)
 .debug_info    0x000044f1      0x7b5 C:\Users\247638\Desktop\centrumdowodzeniawszechswiata\lpc17xx_xpr_bb_140609.zip_expanded\Lib_MCU\Debug\libLib_MCU.a(lpc17xx_ssp.o)
 .debug_info    0x00004ca6      0x977 C:\Users\247638\Desktop\centrumdowodzeniawszechswiata\lpc17xx_xpr_bb_140609.zip_expanded\Lib_MCU\Debug\libLib_MCU.a(lpc17xx_timer.o)
 .debug_info    0x0000561d      0x62a C:\Users\247638\Desktop\centrumdowodzeniawszechswiata\lpc17xx_xpr_bb_140609.zip_expanded\Lib_MCU\Debug\libLib_MCU.a(lpc17xx_clkpwr.o)

.debug_abbrev   0x00000000     0x17cd
 .debug_abbrev  0x00000000       0xc8 ./src/cr_startup_lpc17.o
 .debug_abbrev  0x000000c8      0x2e2 ./src/main.o
 .debug_abbrev  0x000003aa      0x11c C:\Users\247638\Desktop\centrumdowodzeniawszechswiata\lpc17xx_xpr_bb_140609.zip_expanded\Lib_CMSISv1p30_LPC17xx\Debug\libCMSISv1p30_LPC17xx.a(system_LPC17xx.o)
 .debug_abbrev  0x000004c6      0x232 C:\Users\247638\Desktop\centrumdowodzeniawszechswiata\lpc17xx_xpr_bb_140609.zip_expanded\Lib_EaBaseBoard\Debug\libLib_EaBaseBoard.a(light.o)
 .debug_abbrev  0x000006f8      0x23c C:\Users\247638\Desktop\centrumdowodzeniawszechswiata\lpc17xx_xpr_bb_140609.zip_expanded\Lib_EaBaseBoard\Debug\libLib_EaBaseBoard.a(oled.o)
 .debug_abbrev  0x00000934       0xfb C:\Users\247638\Desktop\centrumdowodzeniawszechswiata\lpc17xx_xpr_bb_140609.zip_expanded\Lib_EaBaseBoard\Debug\libLib_EaBaseBoard.a(temp.o)
 .debug_abbrev  0x00000a2f       0x4a C:\Users\247638\Desktop\centrumdowodzeniawszechswiata\lpc17xx_xpr_bb_140609.zip_expanded\Lib_EaBaseBoard\Debug\libLib_EaBaseBoard.a(font5x7.o)
 .debug_abbrev  0x00000a79      0x26b C:\Users\247638\Desktop\centrumdowodzeniawszechswiata\lpc17xx_xpr_bb_140609.zip_expanded\Lib_MCU\Debug\libLib_MCU.a(lpc17xx_gpio.o)
 .debug_abbrev  0x00000ce4      0x2de C:\Users\247638\Desktop\centrumdowodzeniawszechswiata\lpc17xx_xpr_bb_140609.zip_expanded\Lib_MCU\Debug\libLib_MCU.a(lpc17xx_i2c.o)
 .debug_abbrev  0x00000fc2      0x196 C:\Users\247638\Desktop\centrumdowodzeniawszechswiata\lpc17xx_xpr_bb_140609.zip_expanded\Lib_MCU\Debug\libLib_MCU.a(lpc17xx_pinsel.o)
 .debug_abbrev  0x00001158      0x21b C:\Users\247638\Desktop\centrumdowodzeniawszechswiata\lpc17xx_xpr_bb_140609.zip_expanded\Lib_MCU\Debug\libLib_MCU.a(lpc17xx_ssp.o)
 .debug_abbrev  0x00001373      0x25d C:\Users\247638\Desktop\centrumdowodzeniawszechswiata\lpc17xx_xpr_bb_140609.zip_expanded\Lib_MCU\Debug\libLib_MCU.a(lpc17xx_timer.o)
 .debug_abbrev  0x000015d0      0x1fd C:\Users\247638\Desktop\centrumdowodzeniawszechswiata\lpc17xx_xpr_bb_140609.zip_expanded\Lib_MCU\Debug\libLib_MCU.a(lpc17xx_clkpwr.o)

.debug_aranges  0x00000000      0x628
 .debug_aranges
                0x00000000       0x70 ./src/cr_startup_lpc17.o
 .debug_aranges
                0x00000070       0x68 ./src/main.o
 .debug_aranges
                0x000000d8       0x28 C:\Users\247638\Desktop\centrumdowodzeniawszechswiata\lpc17xx_xpr_bb_140609.zip_expanded\Lib_CMSISv1p30_LPC17xx\Debug\libCMSISv1p30_LPC17xx.a(system_LPC17xx.o)
 .debug_aranges
                0x00000100       0x98 C:\Users\247638\Desktop\centrumdowodzeniawszechswiata\lpc17xx_xpr_bb_140609.zip_expanded\Lib_EaBaseBoard\Debug\libLib_EaBaseBoard.a(light.o)
 .debug_aranges
                0x00000198       0x90 C:\Users\247638\Desktop\centrumdowodzeniawszechswiata\lpc17xx_xpr_bb_140609.zip_expanded\Lib_EaBaseBoard\Debug\libLib_EaBaseBoard.a(oled.o)
 .debug_aranges
                0x00000228       0x28 C:\Users\247638\Desktop\centrumdowodzeniawszechswiata\lpc17xx_xpr_bb_140609.zip_expanded\Lib_EaBaseBoard\Debug\libLib_EaBaseBoard.a(temp.o)
 .debug_aranges
                0x00000250       0x18 C:\Users\247638\Desktop\centrumdowodzeniawszechswiata\lpc17xx_xpr_bb_140609.zip_expanded\Lib_EaBaseBoard\Debug\libLib_EaBaseBoard.a(font5x7.o)
 .debug_aranges
                0x00000268       0xf8 C:\Users\247638\Desktop\centrumdowodzeniawszechswiata\lpc17xx_xpr_bb_140609.zip_expanded\Lib_MCU\Debug\libLib_MCU.a(lpc17xx_gpio.o)
 .debug_aranges
                0x00000360       0xd0 C:\Users\247638\Desktop\centrumdowodzeniawszechswiata\lpc17xx_xpr_bb_140609.zip_expanded\Lib_MCU\Debug\libLib_MCU.a(lpc17xx_i2c.o)
 .debug_aranges
                0x00000430       0x48 C:\Users\247638\Desktop\centrumdowodzeniawszechswiata\lpc17xx_xpr_bb_140609.zip_expanded\Lib_MCU\Debug\libLib_MCU.a(lpc17xx_pinsel.o)
 .debug_aranges
                0x00000478       0xa8 C:\Users\247638\Desktop\centrumdowodzeniawszechswiata\lpc17xx_xpr_bb_140609.zip_expanded\Lib_MCU\Debug\libLib_MCU.a(lpc17xx_ssp.o)
 .debug_aranges
                0x00000520       0xa8 C:\Users\247638\Desktop\centrumdowodzeniawszechswiata\lpc17xx_xpr_bb_140609.zip_expanded\Lib_MCU\Debug\libLib_MCU.a(lpc17xx_timer.o)
 .debug_aranges
                0x000005c8       0x60 C:\Users\247638\Desktop\centrumdowodzeniawszechswiata\lpc17xx_xpr_bb_140609.zip_expanded\Lib_MCU\Debug\libLib_MCU.a(lpc17xx_clkpwr.o)

.debug_ranges   0x00000000      0x550
 .debug_ranges  0x00000000       0x60 ./src/cr_startup_lpc17.o
 .debug_ranges  0x00000060       0x58 ./src/main.o
 .debug_ranges  0x000000b8       0x18 C:\Users\247638\Desktop\centrumdowodzeniawszechswiata\lpc17xx_xpr_bb_140609.zip_expanded\Lib_CMSISv1p30_LPC17xx\Debug\libCMSISv1p30_LPC17xx.a(system_LPC17xx.o)
 .debug_ranges  0x000000d0       0x88 C:\Users\247638\Desktop\centrumdowodzeniawszechswiata\lpc17xx_xpr_bb_140609.zip_expanded\Lib_EaBaseBoard\Debug\libLib_EaBaseBoard.a(light.o)
 .debug_ranges  0x00000158       0x80 C:\Users\247638\Desktop\centrumdowodzeniawszechswiata\lpc17xx_xpr_bb_140609.zip_expanded\Lib_EaBaseBoard\Debug\libLib_EaBaseBoard.a(oled.o)
 .debug_ranges  0x000001d8       0x18 C:\Users\247638\Desktop\centrumdowodzeniawszechswiata\lpc17xx_xpr_bb_140609.zip_expanded\Lib_EaBaseBoard\Debug\libLib_EaBaseBoard.a(temp.o)
 .debug_ranges  0x000001f0       0xe8 C:\Users\247638\Desktop\centrumdowodzeniawszechswiata\lpc17xx_xpr_bb_140609.zip_expanded\Lib_MCU\Debug\libLib_MCU.a(lpc17xx_gpio.o)
 .debug_ranges  0x000002d8       0xc0 C:\Users\247638\Desktop\centrumdowodzeniawszechswiata\lpc17xx_xpr_bb_140609.zip_expanded\Lib_MCU\Debug\libLib_MCU.a(lpc17xx_i2c.o)
 .debug_ranges  0x00000398       0x38 C:\Users\247638\Desktop\centrumdowodzeniawszechswiata\lpc17xx_xpr_bb_140609.zip_expanded\Lib_MCU\Debug\libLib_MCU.a(lpc17xx_pinsel.o)
 .debug_ranges  0x000003d0       0x98 C:\Users\247638\Desktop\centrumdowodzeniawszechswiata\lpc17xx_xpr_bb_140609.zip_expanded\Lib_MCU\Debug\libLib_MCU.a(lpc17xx_ssp.o)
 .debug_ranges  0x00000468       0x98 C:\Users\247638\Desktop\centrumdowodzeniawszechswiata\lpc17xx_xpr_bb_140609.zip_expanded\Lib_MCU\Debug\libLib_MCU.a(lpc17xx_timer.o)
 .debug_ranges  0x00000500       0x50 C:\Users\247638\Desktop\centrumdowodzeniawszechswiata\lpc17xx_xpr_bb_140609.zip_expanded\Lib_MCU\Debug\libLib_MCU.a(lpc17xx_clkpwr.o)

.debug_macro    0x00000000     0x56f8
 .debug_macro   0x00000000       0x79 ./src/cr_startup_lpc17.o
 .debug_macro   0x00000079      0xaa8 ./src/cr_startup_lpc17.o
 .debug_macro   0x00000b21       0x22 ./src/cr_startup_lpc17.o
 .debug_macro   0x00000b43       0x8e ./src/cr_startup_lpc17.o
 .debug_macro   0x00000bd1       0x51 ./src/cr_startup_lpc17.o
 .debug_macro   0x00000c22      0x103 ./src/cr_startup_lpc17.o
 .debug_macro   0x00000d25       0x6a ./src/cr_startup_lpc17.o
 .debug_macro   0x00000d8f      0x1df ./src/cr_startup_lpc17.o
 .debug_macro   0x00000f6e       0xe2 ./src/main.o
 .debug_macro   0x00001050       0x1c ./src/main.o
 .debug_macro   0x0000106c       0x22 ./src/main.o
 .debug_macro   0x0000108e      0x7b7 ./src/main.o
 .debug_macro   0x00001845      0x2c7 ./src/main.o
 .debug_macro   0x00001b0c       0x64 ./src/main.o
 .debug_macro   0x00001b70      0x140 ./src/main.o
 .debug_macro   0x00001cb0      0x192 ./src/main.o
 .debug_macro   0x00001e42       0x46 ./src/main.o
 .debug_macro   0x00001e88      0x2a6 ./src/main.o
 .debug_macro   0x0000212e       0xed ./src/main.o
 .debug_macro   0x0000221b       0x16 ./src/main.o
 .debug_macro   0x00002231      0x113 C:\Users\247638\Desktop\centrumdowodzeniawszechswiata\lpc17xx_xpr_bb_140609.zip_expanded\Lib_CMSISv1p30_LPC17xx\Debug\libCMSISv1p30_LPC17xx.a(system_LPC17xx.o)
 .debug_macro   0x00002344      0xaa2 C:\Users\247638\Desktop\centrumdowodzeniawszechswiata\lpc17xx_xpr_bb_140609.zip_expanded\Lib_CMSISv1p30_LPC17xx\Debug\libCMSISv1p30_LPC17xx.a(system_LPC17xx.o)
 .debug_macro   0x00002de6       0x10 C:\Users\247638\Desktop\centrumdowodzeniawszechswiata\lpc17xx_xpr_bb_140609.zip_expanded\Lib_CMSISv1p30_LPC17xx\Debug\libCMSISv1p30_LPC17xx.a(system_LPC17xx.o)
 .debug_macro   0x00002df6      0x12e C:\Users\247638\Desktop\centrumdowodzeniawszechswiata\lpc17xx_xpr_bb_140609.zip_expanded\Lib_CMSISv1p30_LPC17xx\Debug\libCMSISv1p30_LPC17xx.a(system_LPC17xx.o)
 .debug_macro   0x00002f24      0x5b3 C:\Users\247638\Desktop\centrumdowodzeniawszechswiata\lpc17xx_xpr_bb_140609.zip_expanded\Lib_CMSISv1p30_LPC17xx\Debug\libCMSISv1p30_LPC17xx.a(system_LPC17xx.o)
 .debug_macro   0x000034d7      0x7d5 C:\Users\247638\Desktop\centrumdowodzeniawszechswiata\lpc17xx_xpr_bb_140609.zip_expanded\Lib_CMSISv1p30_LPC17xx\Debug\libCMSISv1p30_LPC17xx.a(system_LPC17xx.o)
 .debug_macro   0x00003cac      0x126 C:\Users\247638\Desktop\centrumdowodzeniawszechswiata\lpc17xx_xpr_bb_140609.zip_expanded\Lib_EaBaseBoard\Debug\libLib_EaBaseBoard.a(light.o)
 .debug_macro   0x00003dd2      0x18c C:\Users\247638\Desktop\centrumdowodzeniawszechswiata\lpc17xx_xpr_bb_140609.zip_expanded\Lib_EaBaseBoard\Debug\libLib_EaBaseBoard.a(light.o)
 .debug_macro   0x00003f5e       0xdd C:\Users\247638\Desktop\centrumdowodzeniawszechswiata\lpc17xx_xpr_bb_140609.zip_expanded\Lib_EaBaseBoard\Debug\libLib_EaBaseBoard.a(oled.o)
 .debug_macro   0x0000403b       0x5d C:\Users\247638\Desktop\centrumdowodzeniawszechswiata\lpc17xx_xpr_bb_140609.zip_expanded\Lib_EaBaseBoard\Debug\libLib_EaBaseBoard.a(oled.o)
 .debug_macro   0x00004098       0x40 C:\Users\247638\Desktop\centrumdowodzeniawszechswiata\lpc17xx_xpr_bb_140609.zip_expanded\Lib_EaBaseBoard\Debug\libLib_EaBaseBoard.a(oled.o)
 .debug_macro   0x000040d8       0xae C:\Users\247638\Desktop\centrumdowodzeniawszechswiata\lpc17xx_xpr_bb_140609.zip_expanded\Lib_EaBaseBoard\Debug\libLib_EaBaseBoard.a(temp.o)
 .debug_macro   0x00004186       0x1a C:\Users\247638\Desktop\centrumdowodzeniawszechswiata\lpc17xx_xpr_bb_140609.zip_expanded\Lib_EaBaseBoard\Debug\libLib_EaBaseBoard.a(font5x7.o)
 .debug_macro   0x000041a0      0x696 C:\Users\247638\Desktop\centrumdowodzeniawszechswiata\lpc17xx_xpr_bb_140609.zip_expanded\Lib_EaBaseBoard\Debug\libLib_EaBaseBoard.a(font5x7.o)
 .debug_macro   0x00004836       0x83 C:\Users\247638\Desktop\centrumdowodzeniawszechswiata\lpc17xx_xpr_bb_140609.zip_expanded\Lib_MCU\Debug\libLib_MCU.a(lpc17xx_gpio.o)
 .debug_macro   0x000048b9       0xda C:\Users\247638\Desktop\centrumdowodzeniawszechswiata\lpc17xx_xpr_bb_140609.zip_expanded\Lib_MCU\Debug\libLib_MCU.a(lpc17xx_gpio.o)
 .debug_macro   0x00004993       0x95 C:\Users\247638\Desktop\centrumdowodzeniawszechswiata\lpc17xx_xpr_bb_140609.zip_expanded\Lib_MCU\Debug\libLib_MCU.a(lpc17xx_i2c.o)
 .debug_macro   0x00004a28      0x2fa C:\Users\247638\Desktop\centrumdowodzeniawszechswiata\lpc17xx_xpr_bb_140609.zip_expanded\Lib_MCU\Debug\libLib_MCU.a(lpc17xx_i2c.o)
 .debug_macro   0x00004d22      0x146 C:\Users\247638\Desktop\centrumdowodzeniawszechswiata\lpc17xx_xpr_bb_140609.zip_expanded\Lib_MCU\Debug\libLib_MCU.a(lpc17xx_i2c.o)
 .debug_macro   0x00004e68       0x7a C:\Users\247638\Desktop\centrumdowodzeniawszechswiata\lpc17xx_xpr_bb_140609.zip_expanded\Lib_MCU\Debug\libLib_MCU.a(lpc17xx_pinsel.o)
 .debug_macro   0x00004ee2       0x8c C:\Users\247638\Desktop\centrumdowodzeniawszechswiata\lpc17xx_xpr_bb_140609.zip_expanded\Lib_MCU\Debug\libLib_MCU.a(lpc17xx_ssp.o)
 .debug_macro   0x00004f6e      0x2a0 C:\Users\247638\Desktop\centrumdowodzeniawszechswiata\lpc17xx_xpr_bb_140609.zip_expanded\Lib_MCU\Debug\libLib_MCU.a(lpc17xx_ssp.o)
 .debug_macro   0x0000520e       0x95 C:\Users\247638\Desktop\centrumdowodzeniawszechswiata\lpc17xx_xpr_bb_140609.zip_expanded\Lib_MCU\Debug\libLib_MCU.a(lpc17xx_timer.o)
 .debug_macro   0x000052a3       0xe7 C:\Users\247638\Desktop\centrumdowodzeniawszechswiata\lpc17xx_xpr_bb_140609.zip_expanded\Lib_MCU\Debug\libLib_MCU.a(lpc17xx_timer.o)
 .debug_macro   0x0000538a       0x7a C:\Users\247638\Desktop\centrumdowodzeniawszechswiata\lpc17xx_xpr_bb_140609.zip_expanded\Lib_MCU\Debug\libLib_MCU.a(lpc17xx_clkpwr.o)
 .debug_macro   0x00005404      0x2f4 C:\Users\247638\Desktop\centrumdowodzeniawszechswiata\lpc17xx_xpr_bb_140609.zip_expanded\Lib_MCU\Debug\libLib_MCU.a(lpc17xx_clkpwr.o)

.debug_line     0x00000000     0x5304
 .debug_line    0x00000000      0x46f ./src/cr_startup_lpc17.o
 .debug_line    0x0000046f      0x974 ./src/main.o
 .debug_line    0x00000de3      0x41d C:\Users\247638\Desktop\centrumdowodzeniawszechswiata\lpc17xx_xpr_bb_140609.zip_expanded\Lib_CMSISv1p30_LPC17xx\Debug\libCMSISv1p30_LPC17xx.a(system_LPC17xx.o)
 .debug_line    0x00001200      0x5a3 C:\Users\247638\Desktop\centrumdowodzeniawszechswiata\lpc17xx_xpr_bb_140609.zip_expanded\Lib_EaBaseBoard\Debug\libLib_EaBaseBoard.a(light.o)
 .debug_line    0x000017a3      0x88f C:\Users\247638\Desktop\centrumdowodzeniawszechswiata\lpc17xx_xpr_bb_140609.zip_expanded\Lib_EaBaseBoard\Debug\libLib_EaBaseBoard.a(oled.o)
 .debug_line    0x00002032      0x3ac C:\Users\247638\Desktop\centrumdowodzeniawszechswiata\lpc17xx_xpr_bb_140609.zip_expanded\Lib_EaBaseBoard\Debug\libLib_EaBaseBoard.a(temp.o)
 .debug_line    0x000023de       0xae C:\Users\247638\Desktop\centrumdowodzeniawszechswiata\lpc17xx_xpr_bb_140609.zip_expanded\Lib_EaBaseBoard\Debug\libLib_EaBaseBoard.a(font5x7.o)
 .debug_line    0x0000248c      0x777 C:\Users\247638\Desktop\centrumdowodzeniawszechswiata\lpc17xx_xpr_bb_140609.zip_expanded\Lib_MCU\Debug\libLib_MCU.a(lpc17xx_gpio.o)
 .debug_line    0x00002c03      0xd6b C:\Users\247638\Desktop\centrumdowodzeniawszechswiata\lpc17xx_xpr_bb_140609.zip_expanded\Lib_MCU\Debug\libLib_MCU.a(lpc17xx_i2c.o)
 .debug_line    0x0000396e      0x3b7 C:\Users\247638\Desktop\centrumdowodzeniawszechswiata\lpc17xx_xpr_bb_140609.zip_expanded\Lib_MCU\Debug\libLib_MCU.a(lpc17xx_pinsel.o)
 .debug_line    0x00003d25      0x90c C:\Users\247638\Desktop\centrumdowodzeniawszechswiata\lpc17xx_xpr_bb_140609.zip_expanded\Lib_MCU\Debug\libLib_MCU.a(lpc17xx_ssp.o)
 .debug_line    0x00004631      0x89a C:\Users\247638\Desktop\centrumdowodzeniawszechswiata\lpc17xx_xpr_bb_140609.zip_expanded\Lib_MCU\Debug\libLib_MCU.a(lpc17xx_timer.o)
 .debug_line    0x00004ecb      0x439 C:\Users\247638\Desktop\centrumdowodzeniawszechswiata\lpc17xx_xpr_bb_140609.zip_expanded\Lib_MCU\Debug\libLib_MCU.a(lpc17xx_clkpwr.o)

.debug_str      0x00000000    0x1026a
 .debug_str     0x00000000     0x3cf0 ./src/cr_startup_lpc17.o
                               0x3e5a (size before relaxing)
 .debug_str     0x00003cf0     0x6ddf ./src/main.o
                               0xab33 (size before relaxing)
 .debug_str     0x0000aacf     0x1ae1 C:\Users\247638\Desktop\centrumdowodzeniawszechswiata\lpc17xx_xpr_bb_140609.zip_expanded\Lib_CMSISv1p30_LPC17xx\Debug\libCMSISv1p30_LPC17xx.a(system_LPC17xx.o)
                               0x889a (size before relaxing)
 .debug_str     0x0000c5b0      0x5c6 C:\Users\247638\Desktop\centrumdowodzeniawszechswiata\lpc17xx_xpr_bb_140609.zip_expanded\Lib_EaBaseBoard\Debug\libLib_EaBaseBoard.a(light.o)
                               0x949a (size before relaxing)
 .debug_str     0x0000cb76      0x38d C:\Users\247638\Desktop\centrumdowodzeniawszechswiata\lpc17xx_xpr_bb_140609.zip_expanded\Lib_EaBaseBoard\Debug\libLib_EaBaseBoard.a(oled.o)
                               0xa51d (size before relaxing)
 .debug_str     0x0000cf03       0xee C:\Users\247638\Desktop\centrumdowodzeniawszechswiata\lpc17xx_xpr_bb_140609.zip_expanded\Lib_EaBaseBoard\Debug\libLib_EaBaseBoard.a(temp.o)
                               0x8961 (size before relaxing)
 .debug_str     0x0000cff1      0xe21 C:\Users\247638\Desktop\centrumdowodzeniawszechswiata\lpc17xx_xpr_bb_140609.zip_expanded\Lib_EaBaseBoard\Debug\libLib_EaBaseBoard.a(font5x7.o)
                               0x3be8 (size before relaxing)
 .debug_str     0x0000de12      0x5f3 C:\Users\247638\Desktop\centrumdowodzeniawszechswiata\lpc17xx_xpr_bb_140609.zip_expanded\Lib_MCU\Debug\libLib_MCU.a(lpc17xx_gpio.o)
                               0x8e08 (size before relaxing)
 .debug_str     0x0000e405     0x1569 C:\Users\247638\Desktop\centrumdowodzeniawszechswiata\lpc17xx_xpr_bb_140609.zip_expanded\Lib_MCU\Debug\libLib_MCU.a(lpc17xx_i2c.o)
                               0xadd6 (size before relaxing)
 .debug_str     0x0000f96e      0x202 C:\Users\247638\Desktop\centrumdowodzeniawszechswiata\lpc17xx_xpr_bb_140609.zip_expanded\Lib_MCU\Debug\libLib_MCU.a(lpc17xx_pinsel.o)
                               0x8d2f (size before relaxing)
 .debug_str     0x0000fb70      0x1d6 C:\Users\247638\Desktop\centrumdowodzeniawszechswiata\lpc17xx_xpr_bb_140609.zip_expanded\Lib_MCU\Debug\libLib_MCU.a(lpc17xx_ssp.o)
                               0xac8f (size before relaxing)
 .debug_str     0x0000fd46      0x460 C:\Users\247638\Desktop\centrumdowodzeniawszechswiata\lpc17xx_xpr_bb_140609.zip_expanded\Lib_MCU\Debug\libLib_MCU.a(lpc17xx_timer.o)
                               0xaaa8 (size before relaxing)
 .debug_str     0x000101a6       0xc4 C:\Users\247638\Desktop\centrumdowodzeniawszechswiata\lpc17xx_xpr_bb_140609.zip_expanded\Lib_MCU\Debug\libLib_MCU.a(lpc17xx_clkpwr.o)
                               0x9a8e (size before relaxing)

.comment        0x00000000       0x4c
 .comment       0x00000000       0x4c ./src/cr_startup_lpc17.o
                                 0x4d (size before relaxing)
 .comment       0x0000004c       0x4d ./src/main.o
 .comment       0x0000004c       0x4d C:\Users\247638\Desktop\centrumdowodzeniawszechswiata\lpc17xx_xpr_bb_140609.zip_expanded\Lib_CMSISv1p30_LPC17xx\Debug\libCMSISv1p30_LPC17xx.a(system_LPC17xx.o)
 .comment       0x0000004c       0x4d C:\Users\247638\Desktop\centrumdowodzeniawszechswiata\lpc17xx_xpr_bb_140609.zip_expanded\Lib_EaBaseBoard\Debug\libLib_EaBaseBoard.a(light.o)
 .comment       0x0000004c       0x4d C:\Users\247638\Desktop\centrumdowodzeniawszechswiata\lpc17xx_xpr_bb_140609.zip_expanded\Lib_EaBaseBoard\Debug\libLib_EaBaseBoard.a(oled.o)
 .comment       0x0000004c       0x4d C:\Users\247638\Desktop\centrumdowodzeniawszechswiata\lpc17xx_xpr_bb_140609.zip_expanded\Lib_EaBaseBoard\Debug\libLib_EaBaseBoard.a(temp.o)
 .comment       0x0000004c       0x4d C:\Users\247638\Desktop\centrumdowodzeniawszechswiata\lpc17xx_xpr_bb_140609.zip_expanded\Lib_EaBaseBoard\Debug\libLib_EaBaseBoard.a(font5x7.o)
 .comment       0x0000004c       0x4d C:\Users\247638\Desktop\centrumdowodzeniawszechswiata\lpc17xx_xpr_bb_140609.zip_expanded\Lib_MCU\Debug\libLib_MCU.a(lpc17xx_gpio.o)
 .comment       0x0000004c       0x4d C:\Users\247638\Desktop\centrumdowodzeniawszechswiata\lpc17xx_xpr_bb_140609.zip_expanded\Lib_MCU\Debug\libLib_MCU.a(lpc17xx_i2c.o)
 .comment       0x0000004c       0x4d C:\Users\247638\Desktop\centrumdowodzeniawszechswiata\lpc17xx_xpr_bb_140609.zip_expanded\Lib_MCU\Debug\libLib_MCU.a(lpc17xx_pinsel.o)
 .comment       0x0000004c       0x4d C:\Users\247638\Desktop\centrumdowodzeniawszechswiata\lpc17xx_xpr_bb_140609.zip_expanded\Lib_MCU\Debug\libLib_MCU.a(lpc17xx_ssp.o)
 .comment       0x0000004c       0x4d C:\Users\247638\Desktop\centrumdowodzeniawszechswiata\lpc17xx_xpr_bb_140609.zip_expanded\Lib_MCU\Debug\libLib_MCU.a(lpc17xx_timer.o)
 .comment       0x0000004c       0x4d C:\Users\247638\Desktop\centrumdowodzeniawszechswiata\lpc17xx_xpr_bb_140609.zip_expanded\Lib_MCU\Debug\libLib_MCU.a(lpc17xx_clkpwr.o)

.ARM.attributes
                0x00000000       0x2d
 .ARM.attributes
                0x00000000       0x2d ./src/cr_startup_lpc17.o
 .ARM.attributes
                0x0000002d       0x2d ./src/main.o
 .ARM.attributes
                0x0000005a       0x2d C:\Users\247638\Desktop\centrumdowodzeniawszechswiata\lpc17xx_xpr_bb_140609.zip_expanded\Lib_CMSISv1p30_LPC17xx\Debug\libCMSISv1p30_LPC17xx.a(system_LPC17xx.o)
 .ARM.attributes
                0x00000087       0x2d C:\Users\247638\Desktop\centrumdowodzeniawszechswiata\lpc17xx_xpr_bb_140609.zip_expanded\Lib_EaBaseBoard\Debug\libLib_EaBaseBoard.a(light.o)
 .ARM.attributes
                0x000000b4       0x2d C:\Users\247638\Desktop\centrumdowodzeniawszechswiata\lpc17xx_xpr_bb_140609.zip_expanded\Lib_EaBaseBoard\Debug\libLib_EaBaseBoard.a(oled.o)
 .ARM.attributes
                0x000000e1       0x2d C:\Users\247638\Desktop\centrumdowodzeniawszechswiata\lpc17xx_xpr_bb_140609.zip_expanded\Lib_EaBaseBoard\Debug\libLib_EaBaseBoard.a(temp.o)
 .ARM.attributes
                0x0000010e       0x33 C:\Users\247638\Desktop\centrumdowodzeniawszechswiata\lpc17xx_xpr_bb_140609.zip_expanded\Lib_EaBaseBoard\Debug\libLib_EaBaseBoard.a(font5x7.o)
 .ARM.attributes
                0x00000141       0x2d C:\Users\247638\Desktop\centrumdowodzeniawszechswiata\lpc17xx_xpr_bb_140609.zip_expanded\Lib_MCU\Debug\libLib_MCU.a(lpc17xx_gpio.o)
 .ARM.attributes
                0x0000016e       0x2d C:\Users\247638\Desktop\centrumdowodzeniawszechswiata\lpc17xx_xpr_bb_140609.zip_expanded\Lib_MCU\Debug\libLib_MCU.a(lpc17xx_i2c.o)
 .ARM.attributes
                0x0000019b       0x2d C:\Users\247638\Desktop\centrumdowodzeniawszechswiata\lpc17xx_xpr_bb_140609.zip_expanded\Lib_MCU\Debug\libLib_MCU.a(lpc17xx_pinsel.o)
 .ARM.attributes
                0x000001c8       0x2d C:\Users\247638\Desktop\centrumdowodzeniawszechswiata\lpc17xx_xpr_bb_140609.zip_expanded\Lib_MCU\Debug\libLib_MCU.a(lpc17xx_ssp.o)
 .ARM.attributes
                0x000001f5       0x2d C:\Users\247638\Desktop\centrumdowodzeniawszechswiata\lpc17xx_xpr_bb_140609.zip_expanded\Lib_MCU\Debug\libLib_MCU.a(lpc17xx_timer.o)
 .ARM.attributes
                0x00000222       0x2d C:\Users\247638\Desktop\centrumdowodzeniawszechswiata\lpc17xx_xpr_bb_140609.zip_expanded\Lib_MCU\Debug\libLib_MCU.a(lpc17xx_clkpwr.o)
 .ARM.attributes
                0x0000024f       0x1d c:/nxp/mcuxpressoide_11.3.1_5262/ide/plugins/com.nxp.mcuxpresso.tools.win32_11.3.0.202008311133/tools/bin/../lib/gcc/arm-none-eabi/9.3.1/thumb/v7-m/nofp\libgcc.a(_aeabi_uldivmod.o)
 .ARM.attributes
                0x0000026c       0x2d c:/nxp/mcuxpressoide_11.3.1_5262/ide/plugins/com.nxp.mcuxpresso.tools.win32_11.3.0.202008311133/tools/bin/../lib/gcc/arm-none-eabi/9.3.1/thumb/v7-m/nofp\libgcc.a(_udivmoddi4.o)
 .ARM.attributes
                0x00000299       0x1d c:/nxp/mcuxpressoide_11.3.1_5262/ide/plugins/com.nxp.mcuxpresso.tools.win32_11.3.0.202008311133/tools/bin/../lib/gcc/arm-none-eabi/9.3.1/thumb/v7-m/nofp\libgcc.a(_dvmd_tls.o)
 .ARM.attributes
                0x000002b6       0x2d c:/nxp/mcuxpressoide_11.3.1_5262/ide/plugins/com.nxp.mcuxpresso.tools.win32_11.3.0.202008311133/tools/bin/../lib/gcc/arm-none-eabi/9.3.1/../../../../arm-none-eabi/lib/thumb/v7-m/nofp\libc.a(lib_a-memset.o)

.debug_frame    0x00000000     0x1780
 .debug_frame   0x00000000      0x120 ./src/cr_startup_lpc17.o
 .debug_frame   0x00000120      0x170 ./src/main.o
 .debug_frame   0x00000290       0x50 C:\Users\247638\Desktop\centrumdowodzeniawszechswiata\lpc17xx_xpr_bb_140609.zip_expanded\Lib_CMSISv1p30_LPC17xx\Debug\libCMSISv1p30_LPC17xx.a(system_LPC17xx.o)
 .debug_frame   0x000002e0      0x24c C:\Users\247638\Desktop\centrumdowodzeniawszechswiata\lpc17xx_xpr_bb_140609.zip_expanded\Lib_EaBaseBoard\Debug\libLib_EaBaseBoard.a(light.o)
 .debug_frame   0x0000052c      0x244 C:\Users\247638\Desktop\centrumdowodzeniawszechswiata\lpc17xx_xpr_bb_140609.zip_expanded\Lib_EaBaseBoard\Debug\libLib_EaBaseBoard.a(oled.o)
 .debug_frame   0x00000770       0x58 C:\Users\247638\Desktop\centrumdowodzeniawszechswiata\lpc17xx_xpr_bb_140609.zip_expanded\Lib_EaBaseBoard\Debug\libLib_EaBaseBoard.a(temp.o)
 .debug_frame   0x000007c8      0x428 C:\Users\247638\Desktop\centrumdowodzeniawszechswiata\lpc17xx_xpr_bb_140609.zip_expanded\Lib_MCU\Debug\libLib_MCU.a(lpc17xx_gpio.o)
 .debug_frame   0x00000bf0      0x37c C:\Users\247638\Desktop\centrumdowodzeniawszechswiata\lpc17xx_xpr_bb_140609.zip_expanded\Lib_MCU\Debug\libLib_MCU.a(lpc17xx_i2c.o)
 .debug_frame   0x00000f6c       0xfc C:\Users\247638\Desktop\centrumdowodzeniawszechswiata\lpc17xx_xpr_bb_140609.zip_expanded\Lib_MCU\Debug\libLib_MCU.a(lpc17xx_pinsel.o)
 .debug_frame   0x00001068      0x2a0 C:\Users\247638\Desktop\centrumdowodzeniawszechswiata\lpc17xx_xpr_bb_140609.zip_expanded\Lib_MCU\Debug\libLib_MCU.a(lpc17xx_ssp.o)
 .debug_frame   0x00001308      0x2a4 C:\Users\247638\Desktop\centrumdowodzeniawszechswiata\lpc17xx_xpr_bb_140609.zip_expanded\Lib_MCU\Debug\libLib_MCU.a(lpc17xx_timer.o)
 .debug_frame   0x000015ac      0x13c C:\Users\247638\Desktop\centrumdowodzeniawszechswiata\lpc17xx_xpr_bb_140609.zip_expanded\Lib_MCU\Debug\libLib_MCU.a(lpc17xx_clkpwr.o)
 .debug_frame   0x000016e8       0x2c c:/nxp/mcuxpressoide_11.3.1_5262/ide/plugins/com.nxp.mcuxpresso.tools.win32_11.3.0.202008311133/tools/bin/../lib/gcc/arm-none-eabi/9.3.1/thumb/v7-m/nofp\libgcc.a(_aeabi_uldivmod.o)
 .debug_frame   0x00001714       0x34 c:/nxp/mcuxpressoide_11.3.1_5262/ide/plugins/com.nxp.mcuxpresso.tools.win32_11.3.0.202008311133/tools/bin/../lib/gcc/arm-none-eabi/9.3.1/thumb/v7-m/nofp\libgcc.a(_udivmoddi4.o)
 .debug_frame   0x00001748       0x38 c:/nxp/mcuxpressoide_11.3.1_5262/ide/plugins/com.nxp.mcuxpresso.tools.win32_11.3.0.202008311133/tools/bin/../lib/gcc/arm-none-eabi/9.3.1/../../../../arm-none-eabi/lib/thumb/v7-m/nofp\libc.a(lib_a-memset.o)
