Archive member included to satisfy reference by file (symbol)

C:\Users\247832\Documents\Stacja\Stacja pogodowa\Lib_CMSISv1p30_LPC17xx\Debug\libCMSISv1p30_LPC17xx.a(system_LPC17xx.o)
                              ./src/main.o (SystemCoreClock)
C:\Users\247832\Documents\Stacja\Stacja pogodowa\Lib_EaBaseBoard\Debug\libLib_EaBaseBoard.a(joystick.o)
                              ./src/main.o (joystick_init)
C:\Users\247832\Documents\Stacja\Stacja pogodowa\Lib_EaBaseBoard\Debug\libLib_EaBaseBoard.a(led7seg.o)
                              ./src/main.o (led7seg_init)
C:\Users\247832\Documents\Stacja\Stacja pogodowa\Lib_EaBaseBoard\Debug\libLib_EaBaseBoard.a(light.o)
                              ./src/main.o (I2CRead)
C:\Users\247832\Documents\Stacja\Stacja pogodowa\Lib_EaBaseBoard\Debug\libLib_EaBaseBoard.a(oled.o)
                              ./src/main.o (oled_putPixel)
C:\Users\247832\Documents\Stacja\Stacja pogodowa\Lib_EaBaseBoard\Debug\libLib_EaBaseBoard.a(temp.o)
                              ./src/main.o (temp_init)
C:\Users\247832\Documents\Stacja\Stacja pogodowa\Lib_EaBaseBoard\Debug\libLib_EaBaseBoard.a(font5x7.o)
                              C:\Users\247832\Documents\Stacja\Stacja pogodowa\Lib_EaBaseBoard\Debug\libLib_EaBaseBoard.a(oled.o) (font5x7)
C:\Users\247832\Documents\Stacja\Stacja pogodowa\Lib_MCU\Debug\libLib_MCU.a(lpc17xx_gpio.o)
                              C:\Users\247832\Documents\Stacja\Stacja pogodowa\Lib_EaBaseBoard\Debug\libLib_EaBaseBoard.a(joystick.o) (GPIO_SetDir)
C:\Users\247832\Documents\Stacja\Stacja pogodowa\Lib_MCU\Debug\libLib_MCU.a(lpc17xx_i2c.o)
                              ./src/main.o (I2C_Init)
C:\Users\247832\Documents\Stacja\Stacja pogodowa\Lib_MCU\Debug\libLib_MCU.a(lpc17xx_pinsel.o)
                              ./src/main.o (PINSEL_ConfigPin)
C:\Users\247832\Documents\Stacja\Stacja pogodowa\Lib_MCU\Debug\libLib_MCU.a(lpc17xx_rtc.o)
                              ./src/main.o (RTC_Init)
C:\Users\247832\Documents\Stacja\Stacja pogodowa\Lib_MCU\Debug\libLib_MCU.a(lpc17xx_ssp.o)
                              ./src/main.o (SSP_Init)
C:\Users\247832\Documents\Stacja\Stacja pogodowa\Lib_MCU\Debug\libLib_MCU.a(lpc17xx_timer.o)
                              ./src/main.o (Timer0_Wait)
C:\Users\247832\Documents\Stacja\Stacja pogodowa\Lib_MCU\Debug\libLib_MCU.a(lpc17xx_clkpwr.o)
                              C:\Users\247832\Documents\Stacja\Stacja pogodowa\Lib_MCU\Debug\libLib_MCU.a(lpc17xx_i2c.o) (CLKPWR_SetPCLKDiv)
c:/nxp/mcuxpressoide_11.3.1_5262/ide/plugins/com.nxp.mcuxpresso.tools.win32_11.3.0.202008311133/tools/bin/../lib/gcc/arm-none-eabi/9.3.1/thumb/v7-m/nofp\libgcc.a(_aeabi_uldivmod.o)
                              C:\Users\247832\Documents\Stacja\Stacja pogodowa\Lib_CMSISv1p30_LPC17xx\Debug\libCMSISv1p30_LPC17xx.a(system_LPC17xx.o) (__aeabi_uldivmod)
c:/nxp/mcuxpressoide_11.3.1_5262/ide/plugins/com.nxp.mcuxpresso.tools.win32_11.3.0.202008311133/tools/bin/../lib/gcc/arm-none-eabi/9.3.1/thumb/v7-m/nofp\libgcc.a(_udivmoddi4.o)
                              c:/nxp/mcuxpressoide_11.3.1_5262/ide/plugins/com.nxp.mcuxpresso.tools.win32_11.3.0.202008311133/tools/bin/../lib/gcc/arm-none-eabi/9.3.1/thumb/v7-m/nofp\libgcc.a(_aeabi_uldivmod.o) (__udivmoddi4)
c:/nxp/mcuxpressoide_11.3.1_5262/ide/plugins/com.nxp.mcuxpresso.tools.win32_11.3.0.202008311133/tools/bin/../lib/gcc/arm-none-eabi/9.3.1/thumb/v7-m/nofp\libgcc.a(_dvmd_tls.o)
                              c:/nxp/mcuxpressoide_11.3.1_5262/ide/plugins/com.nxp.mcuxpresso.tools.win32_11.3.0.202008311133/tools/bin/../lib/gcc/arm-none-eabi/9.3.1/thumb/v7-m/nofp\libgcc.a(_aeabi_uldivmod.o) (__aeabi_ldiv0)
c:/nxp/mcuxpressoide_11.3.1_5262/ide/plugins/com.nxp.mcuxpresso.tools.win32_11.3.0.202008311133/tools/bin/../lib/gcc/arm-none-eabi/9.3.1/../../../../arm-none-eabi/lib/thumb/v7-m/nofp\libc.a(lib_a-memset.o)
                              C:\Users\247832\Documents\Stacja\Stacja pogodowa\Lib_EaBaseBoard\Debug\libLib_EaBaseBoard.a(oled.o) (memset)

Discarded input sections

 .group         0x00000000        0xc ./src/cr_startup_lpc17.o
 .group         0x00000000        0xc ./src/cr_startup_lpc17.o
 .group         0x00000000        0xc ./src/cr_startup_lpc17.o
 .group         0x00000000        0xc ./src/cr_startup_lpc17.o
 .group         0x00000000        0xc ./src/cr_startup_lpc17.o
 .group         0x00000000        0xc ./src/cr_startup_lpc17.o
 .group         0x00000000        0xc ./src/cr_startup_lpc17.o
 .text          0x00000000        0x0 ./src/cr_startup_lpc17.o
 .data          0x00000000        0x0 ./src/cr_startup_lpc17.o
 .bss           0x00000000        0x0 ./src/cr_startup_lpc17.o
 .text.SysTick_Handler
                0x00000000        0x6 ./src/cr_startup_lpc17.o
 .group         0x00000000        0xc ./src/main.o
 .group         0x00000000        0xc ./src/main.o
 .group         0x00000000        0xc ./src/main.o
 .group         0x00000000        0xc ./src/main.o
 .group         0x00000000        0xc ./src/main.o
[...]
Memory Configuration

Name             Origin             Length             Attributes
MFlash512        0x00000000         0x00080000         xr
RamLoc32         0x10000000         0x00008000         xrw
RamAHB32         0x2007c000         0x00008000         xrw
*default*        0x00000000         0xffffffff

Linker script and memory map

LOAD ./src/cr_startup_lpc17.o
LOAD ./src/main.o
LOAD C:\Users\247832\Documents\Stacja\Stacja pogodowa\Lib_CMSISv1p30_LPC17xx\Debug\libCMSISv1p30_LPC17xx.a
LOAD C:\Users\247832\Documents\Stacja\Stacja pogodowa\Lib_EaBaseBoard\Debug\libLib_EaBaseBoard.a
LOAD C:\Users\247832\Documents\Stacja\Stacja pogodowa\Lib_MCU\Debug\libLib_MCU.a
START GROUP
LOAD c:/nxp/mcuxpressoide_11.3.1_5262/ide/plugins/com.nxp.mcuxpresso.tools.win32_11.3.0.202008311133/tools/bin/../lib/gcc/arm-none-eabi/9.3.1/thumb/v7-m/nofp\libgcc.a
LOAD c:/nxp/mcuxpressoide_11.3.1_5262/ide/plugins/com.nxp.mcuxpresso.tools.win32_11.3.0.202008311133/tools/bin/../lib/gcc/arm-none-eabi/9.3.1/../../../../arm-none-eabi/lib/thumb/v7-m/nofp\libc.a
LOAD c:/nxp/mcuxpressoide_11.3.1_5262/ide/plugins/com.nxp.mcuxpresso.tools.win32_11.3.0.202008311133/tools/bin/../lib/gcc/arm-none-eabi/9.3.1/../../../../arm-none-eabi/lib/thumb/v7-m/nofp\libm.a
LOAD c:/nxp/mcuxpressoide_11.3.1_5262/ide/plugins/com.nxp.mcuxpresso.tools.win32_11.3.0.202008311133/tools/bin/../lib/gcc/arm-none-eabi/9.3.1/../../../../arm-none-eabi/lib/thumb/v7-m/nofp\libcr_newlib_semihost.a
END GROUP
                0x00000000                __base_MFlash512 = 0x0
                0x00000000                __base_Flash = 0x0
                0x00080000                __top_MFlash512 = 0x80000
                0x00080000                __top_Flash = 0x80000
                0x10000000                __base_RamLoc32 = 0x10000000
                0x10000000                __base_RAM = 0x10000000
                0x10008000                __top_RamLoc32 = 0x10008000
                0x10008000                __top_RAM = 0x10008000
                0x2007c000                __base_RamAHB32 = 0x2007c000
                0x2007c000                __base_RAM2 = 0x2007c000
                0x20084000                __top_RamAHB32 = 0x20084000
                0x20084000                __top_RAM2 = 0x20084000

.text           0x00000000     0x3e58
 FILL mask 0xff
                0x00000000                __vectors_start__ = ABSOLUTE (.)
 *(.isr_vector)
 .isr_vector    0x00000000       0xcc ./src/cr_startup_lpc17.o
                0x00000000                g_pfnVectors
                0x000000cc                . = ALIGN (0x4)
                0x000000cc                __section_table_start = .
                0x000000cc                __data_section_table = .
                0x000000cc        0x4 LONG 0x3e60 LOADADDR (.data)
                0x000000d0        0x4 LONG 0x10000000 ADDR (.data)
                0x000000d4        0x4 LONG 0x58 SIZEOF (.data)
                0x000000d8        0x4 LONG 0x3e60 LOADADDR (.data_RAM2)
                0x000000dc        0x4 LONG 0x2007c000 ADDR (.data_RAM2)
                0x000000e0        0x4 LONG 0x0 SIZEOF (.data_RAM2)
                0x000000e4                __data_section_table_end = .
                0x000000e4                __bss_section_table = .
                0x000000e4        0x4 LONG 0x10000058 ADDR (.bss)
                0x000000e8        0x4 LONG 0x374 SIZEOF (.bss)
                0x000000ec        0x4 LONG 0x2007c000 ADDR (.bss_RAM2)
                0x000000f0        0x4 LONG 0x0 SIZEOF (.bss_RAM2)
                0x000000f4                __bss_section_table_end = .
                0x000000f4                __section_table_end = .
 *(.after_vectors*)
 *(.text*)
 .text.ResetISR
                0x000000f4       0x58 ./src/cr_startup_lpc17.o
                0x000000f4                ResetISR
 .text.NMI_Handler
                0x0000014c        0x6 ./src/cr_startup_lpc17.o
                0x0000014c                NMI_Handler
 .text.HardFault_Handler
                0x00000152        0x6 ./src/cr_startup_lpc17.o
                0x00000152                HardFault_Handler
 .text.MemManage_Handler
                0x00000158        0x6 ./src/cr_startup_lpc17.o
                0x00000158                MemManage_Handler
 .text.BusFault_Handler
                0x0000015e        0x6 ./src/cr_startup_lpc17.o
                0x0000015e                BusFault_Handler
 .text.UsageFault_Handler
                0x00000164        0x6 ./src/cr_startup_lpc17.o
                0x00000164                UsageFault_Handler
 .text.SVCall_Handler
                0x0000016a        0x6 ./src/cr_startup_lpc17.o
                0x0000016a                SVCall_Handler
 .text.DebugMon_Handler
                0x00000170        0x6 ./src/cr_startup_lpc17.o
                0x00000170                DebugMon_Handler
 .text.PendSV_Handler
                0x00000176        0x6 ./src/cr_startup_lpc17.o
                0x00000176                PendSV_Handler
 .text.IntDefaultHandler
                0x0000017c        0x6 ./src/cr_startup_lpc17.o
                0x0000017c                TIMER2_IRQHandler
                0x0000017c                RIT_IRQHandler
                0x0000017c                I2C0_IRQHandler
                0x0000017c                USBActivity_IRQHandler
                0x0000017c                PWM1_IRQHandler
                0x0000017c                I2C1_IRQHandler
                0x0000017c                EINT2_IRQHandler
                0x0000017c                UART1_IRQHandler
                0x0000017c                EINT3_IRQHandler
                0x0000017c                CANActivity_IRQHandler
                0x0000017c                TIMER3_IRQHandler
                0x0000017c                UART0_IRQHandler
                0x0000017c                IntDefaultHandler
                0x0000017c                PLL0_IRQHandler
                0x0000017c                CAN_IRQHandler
                0x0000017c                PLL1_IRQHandler
                0x0000017c                SSP0_IRQHandler
                0x0000017c                I2S_IRQHandler
                0x0000017c                I2C2_IRQHandler
                0x0000017c                RTC_IRQHandler
                0x0000017c                TIMER0_IRQHandler
                0x0000017c                SPI_IRQHandler
                0x0000017c                EINT1_IRQHandler
                0x0000017c                TIMER1_IRQHandler
                0x0000017c                UART2_IRQHandler
                0x0000017c                ADC_IRQHandler
                0x0000017c                SSP1_IRQHandler
                0x0000017c                USB_IRQHandler
                0x0000017c                BOD_IRQHandler
                0x0000017c                WDT_IRQHandler
                0x0000017c                QEI_IRQHandler
                0x0000017c                EINT0_IRQHandler
                0x0000017c                DMA_IRQHandler
                0x0000017c                UART3_IRQHandler
                0x0000017c                MCPWM_IRQHandler
                0x0000017c                ENET_IRQHandler
 *fill*         0x00000182        0x2 ff
 .text.NVIC_SetPriority
                0x00000184       0x54 ./src/main.o
 .text.SysTick_Config
                0x000001d8       0x44 ./src/main.o
 .text.intToString
                0x0000021c       0xc8 ./src/main.o
 .text.SysTick_Handler
                0x000002e4       0x1c ./src/main.o
                0x000002e4                SysTick_Handler
 .text.getTicks
                0x00000300       0x14 ./src/main.o
 .text.init_ssp
                0x00000314       0x78 ./src/main.o
 .text.init_i2c
                0x0000038c       0x48 ./src/main.o
 .text.calculatePressure
                0x000003d4      0x43c ./src/main.o
                0x000003d4                calculatePressure
 .text.calculateHumidity
                0x00000810       0xa6 ./src/main.o
                0x00000810                calculateHumidity
 *fill*         0x000008b6        0x2 ff
 .text.printData
                0x000008b8      0x1b8 ./src/main.o
                0x000008b8                printData
 .text.setTime  0x00000a70       0x38 ./src/main.o
                0x00000a70                setTime
 .text.setDate  0x00000aa8       0x38 ./src/main.o
                0x00000aa8                setDate
 .text.underline
                0x00000ae0       0xa0 ./src/main.o
                0x00000ae0                underline
 .text.refreshLine
                0x00000b80       0x4c ./src/main.o
                0x00000b80                refreshLine
 .text.moveLine
                0x00000bcc       0x70 ./src/main.o
                0x00000bcc                moveLine
 .text.handleTimeAndDateLimit
                0x00000c3c       0x30 ./src/main.o
                0x00000c3c                handleTimeAndDateLimit
 .text.modifyDateOrTime
                0x00000c6c      0x148 ./src/main.o
                0x00000c6c                modifyDateOrTime
 .text.printTime
                0x00000db4      0x2f4 ./src/main.o
 .text.main     0x000010a8      0x120 ./src/main.o
                0x000010a8                main
 .text.check_failed
                0x000011c8        0x6 ./src/main.o
                0x000011c8                check_failed
 *fill*         0x000011ce        0x2 ff
 .text.SystemInit
                0x000011d0      0x140 C:\Users\247832\Documents\Stacja\Stacja pogodowa\Lib_CMSISv1p30_LPC17xx\Debug\libCMSISv1p30_LPC17xx.a(system_LPC17xx.o)
                0x000011d0                SystemInit
 .text.joystick_init
                0x00001310       0x1e C:\Users\247832\Documents\Stacja\Stacja pogodowa\Lib_EaBaseBoard\Debug\libLib_EaBaseBoard.a(joystick.o)
                0x00001310                joystick_init
 .text.joystick_read
                0x0000132e       0x86 C:\Users\247832\Documents\Stacja\Stacja pogodowa\Lib_EaBaseBoard\Debug\libLib_EaBaseBoard.a(joystick.o)
                0x0000132e                joystick_read
 .text.led7seg_init
                0x000013b4       0x1a C:\Users\247832\Documents\Stacja\Stacja pogodowa\Lib_EaBaseBoard\Debug\libLib_EaBaseBoard.a(led7seg.o)
                0x000013b4                led7seg_init
 *fill*         0x000013ce        0x2 ff
 .text.led7seg_setChar
                0x000013d0       0x74 C:\Users\247832\Documents\Stacja\Stacja pogodowa\Lib_EaBaseBoard\Debug\libLib_EaBaseBoard.a(led7seg.o)
                0x000013d0                led7seg_setChar
 .text.I2CRead  0x00001444       0x50 C:\Users\247832\Documents\Stacja\Stacja pogodowa\Lib_EaBaseBoard\Debug\libLib_EaBaseBoard.a(light.o)
                0x00001444                I2CRead
 .text.I2CWrite
                0x00001494       0x50 C:\Users\247832\Documents\Stacja\Stacja pogodowa\Lib_EaBaseBoard\Debug\libLib_EaBaseBoard.a(light.o)
                0x00001494                I2CWrite
 .text.writeCommand
                0x000014e4       0x48 C:\Users\247832\Documents\Stacja\Stacja pogodowa\Lib_EaBaseBoard\Debug\libLib_EaBaseBoard.a(oled.o)
 .text.writeData
                0x0000152c       0x48 C:\Users\247832\Documents\Stacja\Stacja pogodowa\Lib_EaBaseBoard\Debug\libLib_EaBaseBoard.a(oled.o)
 .text.writeDataLen
                0x00001574       0x78 C:\Users\247832\Documents\Stacja\Stacja pogodowa\Lib_EaBaseBoard\Debug\libLib_EaBaseBoard.a(oled.o)
 .text.runInitSequence
                0x000015ec       0xd4 C:\Users\247832\Documents\Stacja\Stacja pogodowa\Lib_EaBaseBoard\Debug\libLib_EaBaseBoard.a(oled.o)
 .text.hLine    0x000016c0       0x58 C:\Users\247832\Documents\Stacja\Stacja pogodowa\Lib_EaBaseBoard\Debug\libLib_EaBaseBoard.a(oled.o)
 .text.vLine    0x00001718       0x56 C:\Users\247832\Documents\Stacja\Stacja pogodowa\Lib_EaBaseBoard\Debug\libLib_EaBaseBoard.a(oled.o)
 *fill*         0x0000176e        0x2 ff
 .text.oled_init
                0x00001770       0x74 C:\Users\247832\Documents\Stacja\Stacja pogodowa\Lib_EaBaseBoard\Debug\libLib_EaBaseBoard.a(oled.o)
                0x00001770                oled_init
 .text.oled_putPixel
                0x000017e4      0x150 C:\Users\247832\Documents\Stacja\Stacja pogodowa\Lib_EaBaseBoard\Debug\libLib_EaBaseBoard.a(oled.o)
                0x000017e4                oled_putPixel
 .text.oled_line
                0x00001934      0x1b8 C:\Users\247832\Documents\Stacja\Stacja pogodowa\Lib_EaBaseBoard\Debug\libLib_EaBaseBoard.a(oled.o)
                0x00001934                oled_line
 .text.oled_clearScreen
                0x00001aec       0x64 C:\Users\247832\Documents\Stacja\Stacja pogodowa\Lib_EaBaseBoard\Debug\libLib_EaBaseBoard.a(oled.o)
                0x00001aec                oled_clearScreen
 .text.oled_putChar
                0x00001b50       0xd8 C:\Users\247832\Documents\Stacja\Stacja pogodowa\Lib_EaBaseBoard\Debug\libLib_EaBaseBoard.a(oled.o)
                0x00001b50                oled_putChar
 .text.oled_putString
                0x00001c28       0x52 C:\Users\247832\Documents\Stacja\Stacja pogodowa\Lib_EaBaseBoard\Debug\libLib_EaBaseBoard.a(oled.o)
                0x00001c28                oled_putString
 *fill*         0x00001c7a        0x2 ff
 .text.temp_init
                0x00001c7c       0x24 C:\Users\247832\Documents\Stacja\Stacja pogodowa\Lib_EaBaseBoard\Debug\libLib_EaBaseBoard.a(temp.o)
                0x00001c7c                temp_init
 .text.temp_read
                0x00001ca0       0xf0 C:\Users\247832\Documents\Stacja\Stacja pogodowa\Lib_EaBaseBoard\Debug\libLib_EaBaseBoard.a(temp.o)
                0x00001ca0                temp_read
 .text.GPIO_GetPointer
                0x00001d90       0x70 C:\Users\247832\Documents\Stacja\Stacja pogodowa\Lib_MCU\Debug\libLib_MCU.a(lpc17xx_gpio.o)
 .text.GPIO_SetDir
                0x00001e00       0x4a C:\Users\247832\Documents\Stacja\Stacja pogodowa\Lib_MCU\Debug\libLib_MCU.a(lpc17xx_gpio.o)
                0x00001e00                GPIO_SetDir
 .text.GPIO_SetValue
                0x00001e4a       0x2a C:\Users\247832\Documents\Stacja\Stacja pogodowa\Lib_MCU\Debug\libLib_MCU.a(lpc17xx_gpio.o)
                0x00001e4a                GPIO_SetValue
 .text.GPIO_ClearValue
                0x00001e74       0x2a C:\Users\247832\Documents\Stacja\Stacja pogodowa\Lib_MCU\Debug\libLib_MCU.a(lpc17xx_gpio.o)
                0x00001e74                GPIO_ClearValue
 .text.GPIO_ReadValue
                0x00001e9e       0x2a C:\Users\247832\Documents\Stacja\Stacja pogodowa\Lib_MCU\Debug\libLib_MCU.a(lpc17xx_gpio.o)
                0x00001e9e                GPIO_ReadValue
 .text.NVIC_EnableIRQ
                0x00001ec8       0x30 C:\Users\247832\Documents\Stacja\Stacja pogodowa\Lib_MCU\Debug\libLib_MCU.a(lpc17xx_i2c.o)
 .text.NVIC_DisableIRQ
                0x00001ef8       0x34 C:\Users\247832\Documents\Stacja\Stacja pogodowa\Lib_MCU\Debug\libLib_MCU.a(lpc17xx_i2c.o)
 .text.I2C_getNum
                0x00001f2c       0x48 C:\Users\247832\Documents\Stacja\Stacja pogodowa\Lib_MCU\Debug\libLib_MCU.a(lpc17xx_i2c.o)
 .text.I2C_Start
                0x00001f74       0x3a C:\Users\247832\Documents\Stacja\Stacja pogodowa\Lib_MCU\Debug\libLib_MCU.a(lpc17xx_i2c.o)
 .text.I2C_Stop
                0x00001fae       0x30 C:\Users\247832\Documents\Stacja\Stacja pogodowa\Lib_MCU\Debug\libLib_MCU.a(lpc17xx_i2c.o)
 .text.I2C_SendByte
                0x00001fde       0x4a C:\Users\247832\Documents\Stacja\Stacja pogodowa\Lib_MCU\Debug\libLib_MCU.a(lpc17xx_i2c.o)
 .text.I2C_GetByte
                0x00002028       0x52 C:\Users\247832\Documents\Stacja\Stacja pogodowa\Lib_MCU\Debug\libLib_MCU.a(lpc17xx_i2c.o)
 *fill*         0x0000207a        0x2 ff
 .text.I2C_SetClock
                0x0000207c       0xa4 C:\Users\247832\Documents\Stacja\Stacja pogodowa\Lib_MCU\Debug\libLib_MCU.a(lpc17xx_i2c.o)
 .text.I2C_Init
                0x00002120       0xa4 C:\Users\247832\Documents\Stacja\Stacja pogodowa\Lib_MCU\Debug\libLib_MCU.a(lpc17xx_i2c.o)
                0x00002120                I2C_Init
 .text.I2C_Cmd  0x000021c4       0x70 C:\Users\247832\Documents\Stacja\Stacja pogodowa\Lib_MCU\Debug\libLib_MCU.a(lpc17xx_i2c.o)
                0x000021c4                I2C_Cmd
 .text.I2C_IntCmd
                0x00002234       0x88 C:\Users\247832\Documents\Stacja\Stacja pogodowa\Lib_MCU\Debug\libLib_MCU.a(lpc17xx_i2c.o)
                0x00002234                I2C_IntCmd
 .text.I2C_MasterTransferData
                0x000022bc      0x2cc C:\Users\247832\Documents\Stacja\Stacja pogodowa\Lib_MCU\Debug\libLib_MCU.a(lpc17xx_i2c.o)
                0x000022bc                I2C_MasterTransferData
 .text.set_PinFunc
                0x00002588       0x80 C:\Users\247832\Documents\Stacja\Stacja pogodowa\Lib_MCU\Debug\libLib_MCU.a(lpc17xx_pinsel.o)
 .text.set_ResistorMode
                0x00002608       0x80 C:\Users\247832\Documents\Stacja\Stacja pogodowa\Lib_MCU\Debug\libLib_MCU.a(lpc17xx_pinsel.o)
 .text.set_OpenDrainMode
                0x00002688       0x68 C:\Users\247832\Documents\Stacja\Stacja pogodowa\Lib_MCU\Debug\libLib_MCU.a(lpc17xx_pinsel.o)
 .text.PINSEL_ConfigPin
                0x000026f0       0x46 C:\Users\247832\Documents\Stacja\Stacja pogodowa\Lib_MCU\Debug\libLib_MCU.a(lpc17xx_pinsel.o)
                0x000026f0                PINSEL_ConfigPin
 *fill*         0x00002736        0x2 ff
 .text.RTC_Init
                0x00002738       0x50 C:\Users\247832\Documents\Stacja\Stacja pogodowa\Lib_MCU\Debug\libLib_MCU.a(lpc17xx_rtc.o)
                0x00002738                RTC_Init
 .text.RTC_Cmd  0x00002788       0x68 C:\Users\247832\Documents\Stacja\Stacja pogodowa\Lib_MCU\Debug\libLib_MCU.a(lpc17xx_rtc.o)
                0x00002788                RTC_Cmd
 .text.RTC_SetFullTime
                0x000027f0       0xb8 C:\Users\247832\Documents\Stacja\Stacja pogodowa\Lib_MCU\Debug\libLib_MCU.a(lpc17xx_rtc.o)
                0x000027f0                RTC_SetFullTime
 .text.RTC_GetFullTime
                0x000028a8       0xa8 C:\Users\247832\Documents\Stacja\Stacja pogodowa\Lib_MCU\Debug\libLib_MCU.a(lpc17xx_rtc.o)
                0x000028a8                RTC_GetFullTime
 .text.setSSPclock
                0x00002950       0xc4 C:\Users\247832\Documents\Stacja\Stacja pogodowa\Lib_MCU\Debug\libLib_MCU.a(lpc17xx_ssp.o)
 .text.SSP_Init
                0x00002a14       0x9c C:\Users\247832\Documents\Stacja\Stacja pogodowa\Lib_MCU\Debug\libLib_MCU.a(lpc17xx_ssp.o)
                0x00002a14                SSP_Init
 .text.SSP_GetDataSize
                0x00002ab0       0x40 C:\Users\247832\Documents\Stacja\Stacja pogodowa\Lib_MCU\Debug\libLib_MCU.a(lpc17xx_ssp.o)
                0x00002ab0                SSP_GetDataSize
 .text.SSP_ConfigStructInit
                0x00002af0       0x3c C:\Users\247832\Documents\Stacja\Stacja pogodowa\Lib_MCU\Debug\libLib_MCU.a(lpc17xx_ssp.o)
                0x00002af0                SSP_ConfigStructInit
 .text.SSP_Cmd  0x00002b2c       0x6c C:\Users\247832\Documents\Stacja\Stacja pogodowa\Lib_MCU\Debug\libLib_MCU.a(lpc17xx_ssp.o)
                0x00002b2c                SSP_Cmd
 .text.SSP_SendData
                0x00002b98       0x40 C:\Users\247832\Documents\Stacja\Stacja pogodowa\Lib_MCU\Debug\libLib_MCU.a(lpc17xx_ssp.o)
                0x00002b98                SSP_SendData
 .text.SSP_ReceiveData
                0x00002bd8       0x3c C:\Users\247832\Documents\Stacja\Stacja pogodowa\Lib_MCU\Debug\libLib_MCU.a(lpc17xx_ssp.o)
                0x00002bd8                SSP_ReceiveData
 .text.SSP_ReadWrite
                0x00002c14      0x34e C:\Users\247832\Documents\Stacja\Stacja pogodowa\Lib_MCU\Debug\libLib_MCU.a(lpc17xx_ssp.o)
                0x00002c14                SSP_ReadWrite
 *fill*         0x00002f62        0x2 ff
 .text.getPClock
                0x00002f64       0x58 C:\Users\247832\Documents\Stacja\Stacja pogodowa\Lib_MCU\Debug\libLib_MCU.a(lpc17xx_timer.o)
 .text.converUSecToVal
                0x00002fbc       0x5c C:\Users\247832\Documents\Stacja\Stacja pogodowa\Lib_MCU\Debug\libLib_MCU.a(lpc17xx_timer.o)
 .text.converPtrToTimeNum
                0x00003018       0x5c C:\Users\247832\Documents\Stacja\Stacja pogodowa\Lib_MCU\Debug\libLib_MCU.a(lpc17xx_timer.o)
 .text.TIM_GetIntStatus
                0x00003074       0x98 C:\Users\247832\Documents\Stacja\Stacja pogodowa\Lib_MCU\Debug\libLib_MCU.a(lpc17xx_timer.o)
                0x00003074                TIM_GetIntStatus
 .text.TIM_ClearIntPending
                0x0000310c       0x88 C:\Users\247832\Documents\Stacja\Stacja pogodowa\Lib_MCU\Debug\libLib_MCU.a(lpc17xx_timer.o)
                0x0000310c                TIM_ClearIntPending
 .text.TIM_Init
                0x00003194      0x184 C:\Users\247832\Documents\Stacja\Stacja pogodowa\Lib_MCU\Debug\libLib_MCU.a(lpc17xx_timer.o)
                0x00003194                TIM_Init
 .text.TIM_Cmd  0x00003318       0x70 C:\Users\247832\Documents\Stacja\Stacja pogodowa\Lib_MCU\Debug\libLib_MCU.a(lpc17xx_timer.o)
                0x00003318                TIM_Cmd
 .text.TIM_ConfigMatch
                0x00003388      0x184 C:\Users\247832\Documents\Stacja\Stacja pogodowa\Lib_MCU\Debug\libLib_MCU.a(lpc17xx_timer.o)
                0x00003388                TIM_ConfigMatch
 .text.Timer0_Wait
                0x0000350c       0x76 C:\Users\247832\Documents\Stacja\Stacja pogodowa\Lib_MCU\Debug\libLib_MCU.a(lpc17xx_timer.o)
                0x0000350c                Timer0_Wait
 *fill*         0x00003582        0x2 ff
 .text.CLKPWR_SetPCLKDiv
                0x00003584       0x90 C:\Users\247832\Documents\Stacja\Stacja pogodowa\Lib_MCU\Debug\libLib_MCU.a(lpc17xx_clkpwr.o)
                0x00003584                CLKPWR_SetPCLKDiv
 .text.CLKPWR_GetPCLKSEL
                0x00003614       0x48 C:\Users\247832\Documents\Stacja\Stacja pogodowa\Lib_MCU\Debug\libLib_MCU.a(lpc17xx_clkpwr.o)
                0x00003614                CLKPWR_GetPCLKSEL
 .text.CLKPWR_GetPCLK
                0x0000365c       0x64 C:\Users\247832\Documents\Stacja\Stacja pogodowa\Lib_MCU\Debug\libLib_MCU.a(lpc17xx_clkpwr.o)
                0x0000365c                CLKPWR_GetPCLK
 .text.CLKPWR_ConfigPPWR
                0x000036c0       0x58 C:\Users\247832\Documents\Stacja\Stacja pogodowa\Lib_MCU\Debug\libLib_MCU.a(lpc17xx_clkpwr.o)
                0x000036c0                CLKPWR_ConfigPPWR
 .text          0x00003718       0x30 c:/nxp/mcuxpressoide_11.3.1_5262/ide/plugins/com.nxp.mcuxpresso.tools.win32_11.3.0.202008311133/tools/bin/../lib/gcc/arm-none-eabi/9.3.1/thumb/v7-m/nofp\libgcc.a(_aeabi_uldivmod.o)
                0x00003718                __aeabi_uldivmod
 .text          0x00003748      0x2c4 c:/nxp/mcuxpressoide_11.3.1_5262/ide/plugins/com.nxp.mcuxpresso.tools.win32_11.3.0.202008311133/tools/bin/../lib/gcc/arm-none-eabi/9.3.1/thumb/v7-m/nofp\libgcc.a(_udivmoddi4.o)
                0x00003748                __udivmoddi4
 .text          0x00003a0c        0x4 c:/nxp/mcuxpressoide_11.3.1_5262/ide/plugins/com.nxp.mcuxpresso.tools.win32_11.3.0.202008311133/tools/bin/../lib/gcc/arm-none-eabi/9.3.1/thumb/v7-m/nofp\libgcc.a(_dvmd_tls.o)
                0x00003a0c                __aeabi_idiv0
                0x00003a0c                __aeabi_ldiv0
 .text.memset   0x00003a10       0xa0 c:/nxp/mcuxpressoide_11.3.1_5262/ide/plugins/com.nxp.mcuxpresso.tools.win32_11.3.0.202008311133/tools/bin/../lib/gcc/arm-none-eabi/9.3.1/../../../../arm-none-eabi/lib/thumb/v7-m/nofp\libc.a(lib_a-memset.o)
                0x00003a10                memset
 *(.rodata .rodata.* .constdata .constdata.*)
 .rodata.str1.4
                0x00003ab0       0x59 ./src/main.o
 *fill*         0x00003b09        0x3 ff
 .rodata        0x00003b0c        0x8 C:\Users\247832\Documents\Stacja\Stacja pogodowa\Lib_EaBaseBoard\Debug\libLib_EaBaseBoard.a(oled.o)
 .rodata        0x00003b14      0x300 C:\Users\247832\Documents\Stacja\Stacja pogodowa\Lib_EaBaseBoard\Debug\libLib_EaBaseBoard.a(font5x7.o)
                0x00003b14                font5x7
 .rodata.str1.4
                0x00003e14        0xf C:\Users\247832\Documents\Stacja\Stacja pogodowa\Lib_MCU\Debug\libLib_MCU.a(lpc17xx_i2c.o)
 *fill*         0x00003e23        0x1 ff
 .rodata.str1.4
                0x00003e24        0xf C:\Users\247832\Documents\Stacja\Stacja pogodowa\Lib_MCU\Debug\libLib_MCU.a(lpc17xx_rtc.o)
 *fill*         0x00003e33        0x1 ff
 .rodata.str1.4
                0x00003e34        0xf C:\Users\247832\Documents\Stacja\Stacja pogodowa\Lib_MCU\Debug\libLib_MCU.a(lpc17xx_ssp.o)
 *fill*         0x00003e43        0x1 ff
 .rodata.str1.4
                0x00003e44       0x11 C:\Users\247832\Documents\Stacja\Stacja pogodowa\Lib_MCU\Debug\libLib_MCU.a(lpc17xx_timer.o)
                0x00003e58                . = ALIGN (0x4)
 *fill*         0x00003e55        0x3 ff

.glue_7         0x00003e58        0x0
 .glue_7        0x00003e58        0x0 linker stubs

.glue_7t        0x00003e58        0x0
 .glue_7t       0x00003e58        0x0 linker stubs

.vfp11_veneer   0x00003e58        0x0
 .vfp11_veneer  0x00003e58        0x0 linker stubs

.v4_bx          0x00003e58        0x0
 .v4_bx         0x00003e58        0x0 linker stubs

.iplt           0x00003e58        0x0
 .iplt          0x00003e58        0x0 ./src/cr_startup_lpc17.o

.ARM.extab
 *(.ARM.extab* .gnu.linkonce.armextab.*)

.ARM.exidx      0x00003e58        0x8
                0x00003e58                __exidx_start = .
 *(.ARM.exidx* .gnu.linkonce.armexidx.*)
 .ARM.exidx     0x00003e58        0x8 c:/nxp/mcuxpressoide_11.3.1_5262/ide/plugins/com.nxp.mcuxpresso.tools.win32_11.3.0.202008311133/tools/bin/../lib/gcc/arm-none-eabi/9.3.1/thumb/v7-m/nofp\libgcc.a(_udivmoddi4.o)
                0x00003e60                __exidx_end = .
                0x00003e60                _etext = .

.rel.dyn        0x00003e60        0x0
 .rel.iplt      0x00003e60        0x0 ./src/cr_startup_lpc17.o

.data_RAM2      0x2007c000        0x0 load address 0x00003e60
 FILL mask 0xff
                [!provide]                PROVIDE (__start_data_RAM2 = .)
                [!provide]                PROVIDE (__start_data_RamAHB32 = .)
 *(.ramfunc.$RAM2)
 *(.ramfunc.$RamAHB32)
 *(.data.$RAM2)
 *(.data.$RamAHB32)
 *(.data.$RAM2.*)
 *(.data.$RamAHB32.*)
                0x2007c000                . = ALIGN (0x4)
                [!provide]                PROVIDE (__end_data_RAM2 = .)
                [!provide]                PROVIDE (__end_data_RamAHB32 = .)

.uninit_RESERVED
                0x10000000        0x0
                0x10000000                _start_uninit_RESERVED = .
 *(.bss.$RESERVED*)
                0x10000000                . = ALIGN (0x4)
                0x10000000                _end_uninit_RESERVED = .

.data           0x10000000       0x58 load address 0x00003e60
 FILL mask 0xff
                0x10000000                _data = .
                [!provide]                PROVIDE (__start_data_RAM = .)
                [!provide]                PROVIDE (__start_data_RamLoc32 = .)
 *(vtable)
 *(.ramfunc*)
 *(CodeQuickAccess)
 *(DataQuickAccess)
 *(RamFunction)
 *(.data*)
 .data          0x10000000        0x4 ./src/main.o
 .data          0x10000004        0x4 C:\Users\247832\Documents\Stacja\Stacja pogodowa\Lib_CMSISv1p30_LPC17xx\Debug\libCMSISv1p30_LPC17xx.a(system_LPC17xx.o)
                0x10000004                SystemCoreClock
 .data          0x10000008       0x50 C:\Users\247832\Documents\Stacja\Stacja pogodowa\Lib_EaBaseBoard\Debug\libLib_EaBaseBoard.a(led7seg.o)
                0x10000058                . = ALIGN (0x4)
                0x10000058                _edata = .
                [!provide]                PROVIDE (__end_data_RAM = .)
                [!provide]                PROVIDE (__end_data_RamLoc32 = .)

.igot.plt       0x10000058        0x0 load address 0x00003eb8
 .igot.plt      0x10000058        0x0 ./src/cr_startup_lpc17.o

.bss_RAM2       0x2007c000        0x0
                [!provide]                PROVIDE (__start_bss_RAM2 = .)
                [!provide]                PROVIDE (__start_bss_RamAHB32 = .)
 *(.bss.$RAM2)
 *(.bss.$RamAHB32)
 *(.bss.$RAM2.*)
 *(.bss.$RamAHB32.*)
                0x2007c000                . = ALIGN ((. != 0x0)?0x4:0x1)
                [!provide]                PROVIDE (__end_bss_RAM2 = .)
                [!provide]                PROVIDE (__end_bss_RamAHB32 = .)

.bss            0x10000058      0x374
                0x10000058                _bss = .
                [!provide]                PROVIDE (__start_bss_RAM = .)
                [!provide]                PROVIDE (__start_bss_RamLoc32 = .)
 *(.bss*)
 .bss           0x10000058       0x3c ./src/main.o
 .bss           0x10000094      0x300 C:\Users\247832\Documents\Stacja\Stacja pogodowa\Lib_EaBaseBoard\Debug\libLib_EaBaseBoard.a(oled.o)
 .bss           0x10000394        0x4 C:\Users\247832\Documents\Stacja\Stacja pogodowa\Lib_EaBaseBoard\Debug\libLib_EaBaseBoard.a(temp.o)
 .bss           0x10000398       0x34 C:\Users\247832\Documents\Stacja\Stacja pogodowa\Lib_MCU\Debug\libLib_MCU.a(lpc17xx_i2c.o)
 *(COMMON)
                0x100003cc                . = ALIGN (0x4)
                0x100003cc                _ebss = .
                [!provide]                PROVIDE (__end_bss_RAM = .)
                [!provide]                PROVIDE (__end_bss_RamLoc32 = .)
                [!provide]                PROVIDE (end = .)

.noinit_RAM2    0x2007c000        0x0
                [!provide]                PROVIDE (__start_noinit_RAM2 = .)
                [!provide]                PROVIDE (__start_noinit_RamAHB32 = .)
 *(.noinit.$RAM2)
 *(.noinit.$RamAHB32)
 *(.noinit.$RAM2.*)
 *(.noinit.$RamAHB32.*)
                0x2007c000                . = ALIGN (0x4)
                [!provide]                PROVIDE (__end_noinit_RAM2 = .)
                [!provide]                PROVIDE (__end_noinit_RamAHB32 = .)

.noinit         0x100003cc        0x0
                0x100003cc                _noinit = .
                [!provide]                PROVIDE (__start_noinit_RAM = .)
                [!provide]                PROVIDE (__start_noinit_RamLoc32 = .)
 *(.noinit*)
                0x100003cc                . = ALIGN (0x4)
                0x100003cc                _end_noinit = .
                [!provide]                PROVIDE (__end_noinit_RAM = .)
                [!provide]                PROVIDE (__end_noinit_RamLoc32 = .)
                [!provide]                PROVIDE (_pvHeapStart = DEFINED (__user_heap_base)?__user_heap_base:.)
                0x10008000                PROVIDE (_vStackTop = DEFINED (__user_stack_top)?__user_stack_top:(__top_RamLoc32 - 0x0))
                [!provide]                PROVIDE (__valid_user_code_checksum = (0x0 - ((((((_vStackTop + (ResetISR + 0x1)) + (NMI_Handler + 0x1)) + (HardFault_Handler + 0x1)) + (DEFINED (MemManage_Handler)?MemManage_Handler:0x0 + 0x1)) + (DEFINED (BusFault_Handler)?BusFault_Handler:0x0 + 0x1)) + (DEFINED (UsageFault_Handler)?UsageFault_Handler:0x0 + 0x1))))
                0x00000000                _image_start = LOADADDR (.text)
                0x00003eb8                _image_end = (LOADADDR (.data) + SIZEOF (.data))
                0x00003eb8                _image_size = (_image_end - _image_start)
OUTPUT(Stacja.axf elf32-littlearm)
LOAD linker stubs

.debug_info     0x00000000     0x7065
 .debug_info    0x00000000      0x1fe ./src/cr_startup_lpc17.o
 .debug_info    0x000001fe     0x11da ./src/main.o
 .debug_info    0x000013d8      0x345 C:\Users\247832\Documents\Stacja\Stacja pogodowa\Lib_CMSISv1p30_LPC17xx\Debug\libCMSISv1p30_LPC17xx.a(system_LPC17xx.o)
 .debug_info    0x0000171d      0x13f C:\Users\247832\Documents\Stacja\Stacja pogodowa\Lib_EaBaseBoard\Debug\libLib_EaBaseBoard.a(joystick.o)
 .debug_info    0x0000185c      0x2a1 C:\Users\247832\Documents\Stacja\Stacja pogodowa\Lib_EaBaseBoard\Debug\libLib_EaBaseBoard.a(led7seg.o)
 .debug_info    0x00001afd      0x795 C:\Users\247832\Documents\Stacja\Stacja pogodowa\Lib_EaBaseBoard\Debug\libLib_EaBaseBoard.a(light.o)
 .debug_info    0x00002292      0x9d1 C:\Users\247832\Documents\Stacja\Stacja pogodowa\Lib_EaBaseBoard\Debug\libLib_EaBaseBoard.a(oled.o)
 .debug_info    0x00002c63      0x183 C:\Users\247832\Documents\Stacja\Stacja pogodowa\Lib_EaBaseBoard\Debug\libLib_EaBaseBoard.a(temp.o)
 .debug_info    0x00002de6       0x62 C:\Users\247832\Documents\Stacja\Stacja pogodowa\Lib_EaBaseBoard\Debug\libLib_EaBaseBoard.a(font5x7.o)
 .debug_info    0x00002e48      0xe1a C:\Users\247832\Documents\Stacja\Stacja pogodowa\Lib_MCU\Debug\libLib_MCU.a(lpc17xx_gpio.o)
 .debug_info    0x00003c62      0xdca C:\Users\247832\Documents\Stacja\Stacja pogodowa\Lib_MCU\Debug\libLib_MCU.a(lpc17xx_i2c.o)
 .debug_info    0x00004a2c      0x4cd C:\Users\247832\Documents\Stacja\Stacja pogodowa\Lib_MCU\Debug\libLib_MCU.a(lpc17xx_pinsel.o)
 .debug_info    0x00004ef9      0xa16 C:\Users\247832\Documents\Stacja\Stacja pogodowa\Lib_MCU\Debug\libLib_MCU.a(lpc17xx_rtc.o)
 .debug_info    0x0000590f      0x7b5 C:\Users\247832\Documents\Stacja\Stacja pogodowa\Lib_MCU\Debug\libLib_MCU.a(lpc17xx_ssp.o)
 .debug_info    0x000060c4      0x977 C:\Users\247832\Documents\Stacja\Stacja pogodowa\Lib_MCU\Debug\libLib_MCU.a(lpc17xx_timer.o)
 .debug_info    0x00006a3b      0x62a C:\Users\247832\Documents\Stacja\Stacja pogodowa\Lib_MCU\Debug\libLib_MCU.a(lpc17xx_clkpwr.o)

.debug_abbrev   0x00000000     0x1c9a
 .debug_abbrev  0x00000000       0xc8 ./src/cr_startup_lpc17.o
 .debug_abbrev  0x000000c8      0x37d ./src/main.o
 .debug_abbrev  0x00000445      0x11c C:\Users\247832\Documents\Stacja\Stacja pogodowa\Lib_CMSISv1p30_LPC17xx\Debug\libCMSISv1p30_LPC17xx.a(system_LPC17xx.o)
 .debug_abbrev  0x00000561       0xd0 C:\Users\247832\Documents\Stacja\Stacja pogodowa\Lib_EaBaseBoard\Debug\libLib_EaBaseBoard.a(joystick.o)
 .debug_abbrev  0x00000631      0x174 C:\Users\247832\Documents\Stacja\Stacja pogodowa\Lib_EaBaseBoard\Debug\libLib_EaBaseBoard.a(led7seg.o)
 .debug_abbrev  0x000007a5      0x232 C:\Users\247832\Documents\Stacja\Stacja pogodowa\Lib_EaBaseBoard\Debug\libLib_EaBaseBoard.a(light.o)
 .debug_abbrev  0x000009d7      0x23c C:\Users\247832\Documents\Stacja\Stacja pogodowa\Lib_EaBaseBoard\Debug\libLib_EaBaseBoard.a(oled.o)
 .debug_abbrev  0x00000c13       0xfb C:\Users\247832\Documents\Stacja\Stacja pogodowa\Lib_EaBaseBoard\Debug\libLib_EaBaseBoard.a(temp.o)
 .debug_abbrev  0x00000d0e       0x4a C:\Users\247832\Documents\Stacja\Stacja pogodowa\Lib_EaBaseBoard\Debug\libLib_EaBaseBoard.a(font5x7.o)
 .debug_abbrev  0x00000d58      0x26b C:\Users\247832\Documents\Stacja\Stacja pogodowa\Lib_MCU\Debug\libLib_MCU.a(lpc17xx_gpio.o)
 .debug_abbrev  0x00000fc3      0x2de C:\Users\247832\Documents\Stacja\Stacja pogodowa\Lib_MCU\Debug\libLib_MCU.a(lpc17xx_i2c.o)
 .debug_abbrev  0x000012a1      0x196 C:\Users\247832\Documents\Stacja\Stacja pogodowa\Lib_MCU\Debug\libLib_MCU.a(lpc17xx_pinsel.o)
 .debug_abbrev  0x00001437      0x1ee C:\Users\247832\Documents\Stacja\Stacja pogodowa\Lib_MCU\Debug\libLib_MCU.a(lpc17xx_rtc.o)
 .debug_abbrev  0x00001625      0x21b C:\Users\247832\Documents\Stacja\Stacja pogodowa\Lib_MCU\Debug\libLib_MCU.a(lpc17xx_ssp.o)
 .debug_abbrev  0x00001840      0x25d C:\Users\247832\Documents\Stacja\Stacja pogodowa\Lib_MCU\Debug\libLib_MCU.a(lpc17xx_timer.o)
 .debug_abbrev  0x00001a9d      0x1fd C:\Users\247832\Documents\Stacja\Stacja pogodowa\Lib_MCU\Debug\libLib_MCU.a(lpc17xx_clkpwr.o)

.debug_aranges  0x00000000      0x780
 .debug_aranges
                0x00000000       0x70 ./src/cr_startup_lpc17.o
 .debug_aranges
                0x00000070       0xb8 ./src/main.o
 .debug_aranges
                0x00000128       0x28 C:\Users\247832\Documents\Stacja\Stacja pogodowa\Lib_CMSISv1p30_LPC17xx\Debug\libCMSISv1p30_LPC17xx.a(system_LPC17xx.o)
 .debug_aranges
                0x00000150       0x28 C:\Users\247832\Documents\Stacja\Stacja pogodowa\Lib_EaBaseBoard\Debug\libLib_EaBaseBoard.a(joystick.o)
 .debug_aranges
                0x00000178       0x28 C:\Users\247832\Documents\Stacja\Stacja pogodowa\Lib_EaBaseBoard\Debug\libLib_EaBaseBoard.a(led7seg.o)
 .debug_aranges
                0x000001a0       0x98 C:\Users\247832\Documents\Stacja\Stacja pogodowa\Lib_EaBaseBoard\Debug\libLib_EaBaseBoard.a(light.o)
 .debug_aranges
                0x00000238       0x90 C:\Users\247832\Documents\Stacja\Stacja pogodowa\Lib_EaBaseBoard\Debug\libLib_EaBaseBoard.a(oled.o)
 .debug_aranges
                0x000002c8       0x28 C:\Users\247832\Documents\Stacja\Stacja pogodowa\Lib_EaBaseBoard\Debug\libLib_EaBaseBoard.a(temp.o)
 .debug_aranges
                0x000002f0       0x18 C:\Users\247832\Documents\Stacja\Stacja pogodowa\Lib_EaBaseBoard\Debug\libLib_EaBaseBoard.a(font5x7.o)
 .debug_aranges
                0x00000308       0xf8 C:\Users\247832\Documents\Stacja\Stacja pogodowa\Lib_MCU\Debug\libLib_MCU.a(lpc17xx_gpio.o)
 .debug_aranges
                0x00000400       0xd0 C:\Users\247832\Documents\Stacja\Stacja pogodowa\Lib_MCU\Debug\libLib_MCU.a(lpc17xx_i2c.o)
 .debug_aranges
                0x000004d0       0x48 C:\Users\247832\Documents\Stacja\Stacja pogodowa\Lib_MCU\Debug\libLib_MCU.a(lpc17xx_pinsel.o)
 .debug_aranges
                0x00000518       0xb8 C:\Users\247832\Documents\Stacja\Stacja pogodowa\Lib_MCU\Debug\libLib_MCU.a(lpc17xx_rtc.o)
 .debug_aranges
                0x000005d0       0xa8 C:\Users\247832\Documents\Stacja\Stacja pogodowa\Lib_MCU\Debug\libLib_MCU.a(lpc17xx_ssp.o)
 .debug_aranges
                0x00000678       0xa8 C:\Users\247832\Documents\Stacja\Stacja pogodowa\Lib_MCU\Debug\libLib_MCU.a(lpc17xx_timer.o)
 .debug_aranges
                0x00000720       0x60 C:\Users\247832\Documents\Stacja\Stacja pogodowa\Lib_MCU\Debug\libLib_MCU.a(lpc17xx_clkpwr.o)

.debug_ranges   0x00000000      0x678
 .debug_ranges  0x00000000       0x60 ./src/cr_startup_lpc17.o
 .debug_ranges  0x00000060       0xa8 ./src/main.o
 .debug_ranges  0x00000108       0x18 C:\Users\247832\Documents\Stacja\Stacja pogodowa\Lib_CMSISv1p30_LPC17xx\Debug\libCMSISv1p30_LPC17xx.a(system_LPC17xx.o)
 .debug_ranges  0x00000120       0x18 C:\Users\247832\Documents\Stacja\Stacja pogodowa\Lib_EaBaseBoard\Debug\libLib_EaBaseBoard.a(joystick.o)
 .debug_ranges  0x00000138       0x18 C:\Users\247832\Documents\Stacja\Stacja pogodowa\Lib_EaBaseBoard\Debug\libLib_EaBaseBoard.a(led7seg.o)
 .debug_ranges  0x00000150       0x88 C:\Users\247832\Documents\Stacja\Stacja pogodowa\Lib_EaBaseBoard\Debug\libLib_EaBaseBoard.a(light.o)
 .debug_ranges  0x000001d8       0x80 C:\Users\247832\Documents\Stacja\Stacja pogodowa\Lib_EaBaseBoard\Debug\libLib_EaBaseBoard.a(oled.o)
 .debug_ranges  0x00000258       0x18 C:\Users\247832\Documents\Stacja\Stacja pogodowa\Lib_EaBaseBoard\Debug\libLib_EaBaseBoard.a(temp.o)
 .debug_ranges  0x00000270       0xe8 C:\Users\247832\Documents\Stacja\Stacja pogodowa\Lib_MCU\Debug\libLib_MCU.a(lpc17xx_gpio.o)
 .debug_ranges  0x00000358       0xc0 C:\Users\247832\Documents\Stacja\Stacja pogodowa\Lib_MCU\Debug\libLib_MCU.a(lpc17xx_i2c.o)
 .debug_ranges  0x00000418       0x38 C:\Users\247832\Documents\Stacja\Stacja pogodowa\Lib_MCU\Debug\libLib_MCU.a(lpc17xx_pinsel.o)
 .debug_ranges  0x00000450       0xa8 C:\Users\247832\Documents\Stacja\Stacja pogodowa\Lib_MCU\Debug\libLib_MCU.a(lpc17xx_rtc.o)
 .debug_ranges  0x000004f8       0x98 C:\Users\247832\Documents\Stacja\Stacja pogodowa\Lib_MCU\Debug\libLib_MCU.a(lpc17xx_ssp.o)
 .debug_ranges  0x00000590       0x98 C:\Users\247832\Documents\Stacja\Stacja pogodowa\Lib_MCU\Debug\libLib_MCU.a(lpc17xx_timer.o)
 .debug_ranges  0x00000628       0x50 C:\Users\247832\Documents\Stacja\Stacja pogodowa\Lib_MCU\Debug\libLib_MCU.a(lpc17xx_clkpwr.o)

.debug_macro    0x00000000     0x5c3e
 .debug_macro   0x00000000       0x79 ./src/cr_startup_lpc17.o
 .debug_macro   0x00000079      0xaa8 ./src/cr_startup_lpc17.o
 .debug_macro   0x00000b21       0x22 ./src/cr_startup_lpc17.o
 .debug_macro   0x00000b43       0x8e ./src/cr_startup_lpc17.o
 .debug_macro   0x00000bd1       0x51 ./src/cr_startup_lpc17.o
 .debug_macro   0x00000c22      0x103 ./src/cr_startup_lpc17.o
 .debug_macro   0x00000d25       0x6a ./src/cr_startup_lpc17.o
 .debug_macro   0x00000d8f      0x1df ./src/cr_startup_lpc17.o
 .debug_macro   0x00000f6e       0xfe ./src/main.o
 .debug_macro   0x0000106c       0x1c ./src/main.o
 .debug_macro   0x00001088       0x22 ./src/main.o
 .debug_macro   0x000010aa      0x7b7 ./src/main.o
 .debug_macro   0x00001861      0x2c7 ./src/main.o
 .debug_macro   0x00001b28       0x64 ./src/main.o
 .debug_macro   0x00001b8c      0x140 ./src/main.o
 .debug_macro   0x00001ccc      0x192 ./src/main.o
 .debug_macro   0x00001e5e       0x46 ./src/main.o
 .debug_macro   0x00001ea4      0x2a6 ./src/main.o
 .debug_macro   0x0000214a       0xed ./src/main.o
 .debug_macro   0x00002237      0x1b0 ./src/main.o
 .debug_macro   0x000023e7       0x16 ./src/main.o
 .debug_macro   0x000023fd       0x28 ./src/main.o
 .debug_macro   0x00002425      0x113 C:\Users\247832\Documents\Stacja\Stacja pogodowa\Lib_CMSISv1p30_LPC17xx\Debug\libCMSISv1p30_LPC17xx.a(system_LPC17xx.o)
 .debug_macro   0x00002538      0xaa2 C:\Users\247832\Documents\Stacja\Stacja pogodowa\Lib_CMSISv1p30_LPC17xx\Debug\libCMSISv1p30_LPC17xx.a(system_LPC17xx.o)
 .debug_macro   0x00002fda       0x10 C:\Users\247832\Documents\Stacja\Stacja pogodowa\Lib_CMSISv1p30_LPC17xx\Debug\libCMSISv1p30_LPC17xx.a(system_LPC17xx.o)
 .debug_macro   0x00002fea      0x12e C:\Users\247832\Documents\Stacja\Stacja pogodowa\Lib_CMSISv1p30_LPC17xx\Debug\libCMSISv1p30_LPC17xx.a(system_LPC17xx.o)
 .debug_macro   0x00003118      0x5b3 C:\Users\247832\Documents\Stacja\Stacja pogodowa\Lib_CMSISv1p30_LPC17xx\Debug\libCMSISv1p30_LPC17xx.a(system_LPC17xx.o)
 .debug_macro   0x000036cb      0x7d5 C:\Users\247832\Documents\Stacja\Stacja pogodowa\Lib_CMSISv1p30_LPC17xx\Debug\libCMSISv1p30_LPC17xx.a(system_LPC17xx.o)
 .debug_macro   0x00003ea0       0x83 C:\Users\247832\Documents\Stacja\Stacja pogodowa\Lib_EaBaseBoard\Debug\libLib_EaBaseBoard.a(joystick.o)
 .debug_macro   0x00003f23       0x40 C:\Users\247832\Documents\Stacja\Stacja pogodowa\Lib_EaBaseBoard\Debug\libLib_EaBaseBoard.a(joystick.o)
 .debug_macro   0x00003f63       0x99 C:\Users\247832\Documents\Stacja\Stacja pogodowa\Lib_EaBaseBoard\Debug\libLib_EaBaseBoard.a(led7seg.o)
 .debug_macro   0x00003ffc      0x126 C:\Users\247832\Documents\Stacja\Stacja pogodowa\Lib_EaBaseBoard\Debug\libLib_EaBaseBoard.a(light.o)
 .debug_macro   0x00004122      0x18c C:\Users\247832\Documents\Stacja\Stacja pogodowa\Lib_EaBaseBoard\Debug\libLib_EaBaseBoard.a(light.o)
 .debug_macro   0x000042ae       0xdd C:\Users\247832\Documents\Stacja\Stacja pogodowa\Lib_EaBaseBoard\Debug\libLib_EaBaseBoard.a(oled.o)
 .debug_macro   0x0000438b       0x5d C:\Users\247832\Documents\Stacja\Stacja pogodowa\Lib_EaBaseBoard\Debug\libLib_EaBaseBoard.a(oled.o)
 .debug_macro   0x000043e8       0xae C:\Users\247832\Documents\Stacja\Stacja pogodowa\Lib_EaBaseBoard\Debug\libLib_EaBaseBoard.a(temp.o)
 .debug_macro   0x00004496       0x1a C:\Users\247832\Documents\Stacja\Stacja pogodowa\Lib_EaBaseBoard\Debug\libLib_EaBaseBoard.a(font5x7.o)
 .debug_macro   0x000044b0      0x696 C:\Users\247832\Documents\Stacja\Stacja pogodowa\Lib_EaBaseBoard\Debug\libLib_EaBaseBoard.a(font5x7.o)
 .debug_macro   0x00004b46       0x83 C:\Users\247832\Documents\Stacja\Stacja pogodowa\Lib_MCU\Debug\libLib_MCU.a(lpc17xx_gpio.o)
 .debug_macro   0x00004bc9       0xda C:\Users\247832\Documents\Stacja\Stacja pogodowa\Lib_MCU\Debug\libLib_MCU.a(lpc17xx_gpio.o)
 .debug_macro   0x00004ca3       0x95 C:\Users\247832\Documents\Stacja\Stacja pogodowa\Lib_MCU\Debug\libLib_MCU.a(lpc17xx_i2c.o)
 .debug_macro   0x00004d38      0x2fa C:\Users\247832\Documents\Stacja\Stacja pogodowa\Lib_MCU\Debug\libLib_MCU.a(lpc17xx_i2c.o)
 .debug_macro   0x00005032      0x146 C:\Users\247832\Documents\Stacja\Stacja pogodowa\Lib_MCU\Debug\libLib_MCU.a(lpc17xx_i2c.o)
 .debug_macro   0x00005178       0x7a C:\Users\247832\Documents\Stacja\Stacja pogodowa\Lib_MCU\Debug\libLib_MCU.a(lpc17xx_pinsel.o)
 .debug_macro   0x000051f2       0x8c C:\Users\247832\Documents\Stacja\Stacja pogodowa\Lib_MCU\Debug\libLib_MCU.a(lpc17xx_rtc.o)
 .debug_macro   0x0000527e      0x1aa C:\Users\247832\Documents\Stacja\Stacja pogodowa\Lib_MCU\Debug\libLib_MCU.a(lpc17xx_rtc.o)
 .debug_macro   0x00005428       0x8c C:\Users\247832\Documents\Stacja\Stacja pogodowa\Lib_MCU\Debug\libLib_MCU.a(lpc17xx_ssp.o)
 .debug_macro   0x000054b4      0x2a0 C:\Users\247832\Documents\Stacja\Stacja pogodowa\Lib_MCU\Debug\libLib_MCU.a(lpc17xx_ssp.o)
 .debug_macro   0x00005754       0x95 C:\Users\247832\Documents\Stacja\Stacja pogodowa\Lib_MCU\Debug\libLib_MCU.a(lpc17xx_timer.o)
 .debug_macro   0x000057e9       0xe7 C:\Users\247832\Documents\Stacja\Stacja pogodowa\Lib_MCU\Debug\libLib_MCU.a(lpc17xx_timer.o)
 .debug_macro   0x000058d0       0x7a C:\Users\247832\Documents\Stacja\Stacja pogodowa\Lib_MCU\Debug\libLib_MCU.a(lpc17xx_clkpwr.o)
 .debug_macro   0x0000594a      0x2f4 C:\Users\247832\Documents\Stacja\Stacja pogodowa\Lib_MCU\Debug\libLib_MCU.a(lpc17xx_clkpwr.o)

.debug_line     0x00000000     0x61b9
 .debug_line    0x00000000      0x447 ./src/cr_startup_lpc17.o
 .debug_line    0x00000447      0xc15 ./src/main.o
 .debug_line    0x0000105c      0x3f5 C:\Users\247832\Documents\Stacja\Stacja pogodowa\Lib_CMSISv1p30_LPC17xx\Debug\libCMSISv1p30_LPC17xx.a(system_LPC17xx.o)
 .debug_line    0x00001451      0x2f8 C:\Users\247832\Documents\Stacja\Stacja pogodowa\Lib_EaBaseBoard\Debug\libLib_EaBaseBoard.a(joystick.o)
 .debug_line    0x00001749      0x2f5 C:\Users\247832\Documents\Stacja\Stacja pogodowa\Lib_EaBaseBoard\Debug\libLib_EaBaseBoard.a(led7seg.o)
 .debug_line    0x00001a3e      0x52b C:\Users\247832\Documents\Stacja\Stacja pogodowa\Lib_EaBaseBoard\Debug\libLib_EaBaseBoard.a(light.o)
 .debug_line    0x00001f69      0x817 C:\Users\247832\Documents\Stacja\Stacja pogodowa\Lib_EaBaseBoard\Debug\libLib_EaBaseBoard.a(oled.o)
 .debug_line    0x00002780      0x334 C:\Users\247832\Documents\Stacja\Stacja pogodowa\Lib_EaBaseBoard\Debug\libLib_EaBaseBoard.a(temp.o)
 .debug_line    0x00002ab4       0x86 C:\Users\247832\Documents\Stacja\Stacja pogodowa\Lib_EaBaseBoard\Debug\libLib_EaBaseBoard.a(font5x7.o)
 .debug_line    0x00002b3a      0x727 C:\Users\247832\Documents\Stacja\Stacja pogodowa\Lib_MCU\Debug\libLib_MCU.a(lpc17xx_gpio.o)
 .debug_line    0x00003261      0xd1b C:\Users\247832\Documents\Stacja\Stacja pogodowa\Lib_MCU\Debug\libLib_MCU.a(lpc17xx_i2c.o)
 .debug_line    0x00003f7c      0x367 C:\Users\247832\Documents\Stacja\Stacja pogodowa\Lib_MCU\Debug\libLib_MCU.a(lpc17xx_pinsel.o)
 .debug_line    0x000042e3      0x9e7 C:\Users\247832\Documents\Stacja\Stacja pogodowa\Lib_MCU\Debug\libLib_MCU.a(lpc17xx_rtc.o)
 .debug_line    0x00004cca      0x8bc C:\Users\247832\Documents\Stacja\Stacja pogodowa\Lib_MCU\Debug\libLib_MCU.a(lpc17xx_ssp.o)
 .debug_line    0x00005586      0x84a C:\Users\247832\Documents\Stacja\Stacja pogodowa\Lib_MCU\Debug\libLib_MCU.a(lpc17xx_timer.o)
 .debug_line    0x00005dd0      0x3e9 C:\Users\247832\Documents\Stacja\Stacja pogodowa\Lib_MCU\Debug\libLib_MCU.a(lpc17xx_clkpwr.o)

.debug_str      0x00000000    0x10fe5
 .debug_str     0x00000000     0x3cbc ./src/cr_startup_lpc17.o
                               0x3e26 (size before relaxing)
 .debug_str     0x00003cbc     0x78ec ./src/main.o
                               0xb617 (size before relaxing)
 .debug_str     0x0000b5a8     0x1a91 C:\Users\247832\Documents\Stacja\Stacja pogodowa\Lib_CMSISv1p30_LPC17xx\Debug\libCMSISv1p30_LPC17xx.a(system_LPC17xx.o)
                               0x8872 (size before relaxing)
 .debug_str     0x0000d039       0x88 C:\Users\247832\Documents\Stacja\Stacja pogodowa\Lib_EaBaseBoard\Debug\libLib_EaBaseBoard.a(joystick.o)
                               0x88df (size before relaxing)
 .debug_str     0x0000d0c1       0xf8 C:\Users\247832\Documents\Stacja\Stacja pogodowa\Lib_EaBaseBoard\Debug\libLib_EaBaseBoard.a(led7seg.o)
                               0x9974 (size before relaxing)
 .debug_str     0x0000d1b9      0x540 C:\Users\247832\Documents\Stacja\Stacja pogodowa\Lib_EaBaseBoard\Debug\libLib_EaBaseBoard.a(light.o)
                               0x9472 (size before relaxing)
 .debug_str     0x0000d6f9      0x32e C:\Users\247832\Documents\Stacja\Stacja pogodowa\Lib_EaBaseBoard\Debug\libLib_EaBaseBoard.a(oled.o)
                               0xa4f5 (size before relaxing)
 .debug_str     0x0000da27       0xee C:\Users\247832\Documents\Stacja\Stacja pogodowa\Lib_EaBaseBoard\Debug\libLib_EaBaseBoard.a(temp.o)
                               0x8939 (size before relaxing)
 .debug_str     0x0000db15      0xe21 C:\Users\247832\Documents\Stacja\Stacja pogodowa\Lib_EaBaseBoard\Debug\libLib_EaBaseBoard.a(font5x7.o)
                               0x3bc0 (size before relaxing)
 .debug_str     0x0000e936      0x5cb C:\Users\247832\Documents\Stacja\Stacja pogodowa\Lib_MCU\Debug\libLib_MCU.a(lpc17xx_gpio.o)
                               0x8de0 (size before relaxing)
 .debug_str     0x0000ef01     0x155e C:\Users\247832\Documents\Stacja\Stacja pogodowa\Lib_MCU\Debug\libLib_MCU.a(lpc17xx_i2c.o)
                               0xadae (size before relaxing)
 .debug_str     0x0001045f      0x202 C:\Users\247832\Documents\Stacja\Stacja pogodowa\Lib_MCU\Debug\libLib_MCU.a(lpc17xx_pinsel.o)
                               0x8d07 (size before relaxing)
 .debug_str     0x00010661      0x290 C:\Users\247832\Documents\Stacja\Stacja pogodowa\Lib_MCU\Debug\libLib_MCU.a(lpc17xx_rtc.o)
                               0xa5dd (size before relaxing)
 .debug_str     0x000108f1      0x1d0 C:\Users\247832\Documents\Stacja\Stacja pogodowa\Lib_MCU\Debug\libLib_MCU.a(lpc17xx_ssp.o)
                               0xac67 (size before relaxing)
 .debug_str     0x00010ac1      0x460 C:\Users\247832\Documents\Stacja\Stacja pogodowa\Lib_MCU\Debug\libLib_MCU.a(lpc17xx_timer.o)
                               0xaa80 (size before relaxing)
 .debug_str     0x00010f21       0xc4 C:\Users\247832\Documents\Stacja\Stacja pogodowa\Lib_MCU\Debug\libLib_MCU.a(lpc17xx_clkpwr.o)
                               0x9a66 (size before relaxing)

.comment        0x00000000       0x4c
 .comment       0x00000000       0x4c ./src/cr_startup_lpc17.o
                                 0x4d (size before relaxing)
 .comment       0x0000004c       0x4d ./src/main.o
 .comment       0x0000004c       0x4d C:\Users\247832\Documents\Stacja\Stacja pogodowa\Lib_CMSISv1p30_LPC17xx\Debug\libCMSISv1p30_LPC17xx.a(system_LPC17xx.o)
 .comment       0x0000004c       0x4d C:\Users\247832\Documents\Stacja\Stacja pogodowa\Lib_EaBaseBoard\Debug\libLib_EaBaseBoard.a(joystick.o)
 .comment       0x0000004c       0x4d C:\Users\247832\Documents\Stacja\Stacja pogodowa\Lib_EaBaseBoard\Debug\libLib_EaBaseBoard.a(led7seg.o)
 .comment       0x0000004c       0x4d C:\Users\247832\Documents\Stacja\Stacja pogodowa\Lib_EaBaseBoard\Debug\libLib_EaBaseBoard.a(light.o)
 .comment       0x0000004c       0x4d C:\Users\247832\Documents\Stacja\Stacja pogodowa\Lib_EaBaseBoard\Debug\libLib_EaBaseBoard.a(oled.o)
 .comment       0x0000004c       0x4d C:\Users\247832\Documents\Stacja\Stacja pogodowa\Lib_EaBaseBoard\Debug\libLib_EaBaseBoard.a(temp.o)
 .comment       0x0000004c       0x4d C:\Users\247832\Documents\Stacja\Stacja pogodowa\Lib_EaBaseBoard\Debug\libLib_EaBaseBoard.a(font5x7.o)
 .comment       0x0000004c       0x4d C:\Users\247832\Documents\Stacja\Stacja pogodowa\Lib_MCU\Debug\libLib_MCU.a(lpc17xx_gpio.o)
 .comment       0x0000004c       0x4d C:\Users\247832\Documents\Stacja\Stacja pogodowa\Lib_MCU\Debug\libLib_MCU.a(lpc17xx_i2c.o)
 .comment       0x0000004c       0x4d C:\Users\247832\Documents\Stacja\Stacja pogodowa\Lib_MCU\Debug\libLib_MCU.a(lpc17xx_pinsel.o)
 .comment       0x0000004c       0x4d C:\Users\247832\Documents\Stacja\Stacja pogodowa\Lib_MCU\Debug\libLib_MCU.a(lpc17xx_rtc.o)
 .comment       0x0000004c       0x4d C:\Users\247832\Documents\Stacja\Stacja pogodowa\Lib_MCU\Debug\libLib_MCU.a(lpc17xx_ssp.o)
 .comment       0x0000004c       0x4d C:\Users\247832\Documents\Stacja\Stacja pogodowa\Lib_MCU\Debug\libLib_MCU.a(lpc17xx_timer.o)
 .comment       0x0000004c       0x4d C:\Users\247832\Documents\Stacja\Stacja pogodowa\Lib_MCU\Debug\libLib_MCU.a(lpc17xx_clkpwr.o)

.ARM.attributes
                0x00000000       0x2d
 .ARM.attributes
                0x00000000       0x2d ./src/cr_startup_lpc17.o
 .ARM.attributes
                0x0000002d       0x2d ./src/main.o
 .ARM.attributes
                0x0000005a       0x2d C:\Users\247832\Documents\Stacja\Stacja pogodowa\Lib_CMSISv1p30_LPC17xx\Debug\libCMSISv1p30_LPC17xx.a(system_LPC17xx.o)
 .ARM.attributes
                0x00000087       0x2d C:\Users\247832\Documents\Stacja\Stacja pogodowa\Lib_EaBaseBoard\Debug\libLib_EaBaseBoard.a(joystick.o)
 .ARM.attributes
                0x000000b4       0x2d C:\Users\247832\Documents\Stacja\Stacja pogodowa\Lib_EaBaseBoard\Debug\libLib_EaBaseBoard.a(led7seg.o)
 .ARM.attributes
                0x000000e1       0x2d C:\Users\247832\Documents\Stacja\Stacja pogodowa\Lib_EaBaseBoard\Debug\libLib_EaBaseBoard.a(light.o)
 .ARM.attributes
                0x0000010e       0x2d C:\Users\247832\Documents\Stacja\Stacja pogodowa\Lib_EaBaseBoard\Debug\libLib_EaBaseBoard.a(oled.o)
 .ARM.attributes
                0x0000013b       0x2d C:\Users\247832\Documents\Stacja\Stacja pogodowa\Lib_EaBaseBoard\Debug\libLib_EaBaseBoard.a(temp.o)
 .ARM.attributes
                0x00000168       0x33 C:\Users\247832\Documents\Stacja\Stacja pogodowa\Lib_EaBaseBoard\Debug\libLib_EaBaseBoard.a(font5x7.o)
 .ARM.attributes
                0x0000019b       0x2d C:\Users\247832\Documents\Stacja\Stacja pogodowa\Lib_MCU\Debug\libLib_MCU.a(lpc17xx_gpio.o)
 .ARM.attributes
                0x000001c8       0x2d C:\Users\247832\Documents\Stacja\Stacja pogodowa\Lib_MCU\Debug\libLib_MCU.a(lpc17xx_i2c.o)
 .ARM.attributes
                0x000001f5       0x2d C:\Users\247832\Documents\Stacja\Stacja pogodowa\Lib_MCU\Debug\libLib_MCU.a(lpc17xx_pinsel.o)
 .ARM.attributes
                0x00000222       0x2d C:\Users\247832\Documents\Stacja\Stacja pogodowa\Lib_MCU\Debug\libLib_MCU.a(lpc17xx_rtc.o)
 .ARM.attributes
                0x0000024f       0x2d C:\Users\247832\Documents\Stacja\Stacja pogodowa\Lib_MCU\Debug\libLib_MCU.a(lpc17xx_ssp.o)
 .ARM.attributes
                0x0000027c       0x2d C:\Users\247832\Documents\Stacja\Stacja pogodowa\Lib_MCU\Debug\libLib_MCU.a(lpc17xx_timer.o)
 .ARM.attributes
                0x000002a9       0x2d C:\Users\247832\Documents\Stacja\Stacja pogodowa\Lib_MCU\Debug\libLib_MCU.a(lpc17xx_clkpwr.o)
 .ARM.attributes
                0x000002d6       0x1d c:/nxp/mcuxpressoide_11.3.1_5262/ide/plugins/com.nxp.mcuxpresso.tools.win32_11.3.0.202008311133/tools/bin/../lib/gcc/arm-none-eabi/9.3.1/thumb/v7-m/nofp\libgcc.a(_aeabi_uldivmod.o)
 .ARM.attributes
                0x000002f3       0x2d c:/nxp/mcuxpressoide_11.3.1_5262/ide/plugins/com.nxp.mcuxpresso.tools.win32_11.3.0.202008311133/tools/bin/../lib/gcc/arm-none-eabi/9.3.1/thumb/v7-m/nofp\libgcc.a(_udivmoddi4.o)
 .ARM.attributes
                0x00000320       0x1d c:/nxp/mcuxpressoide_11.3.1_5262/ide/plugins/com.nxp.mcuxpresso.tools.win32_11.3.0.202008311133/tools/bin/../lib/gcc/arm-none-eabi/9.3.1/thumb/v7-m/nofp\libgcc.a(_dvmd_tls.o)
 .ARM.attributes
                0x0000033d       0x2d c:/nxp/mcuxpressoide_11.3.1_5262/ide/plugins/com.nxp.mcuxpresso.tools.win32_11.3.0.202008311133/tools/bin/../lib/gcc/arm-none-eabi/9.3.1/../../../../arm-none-eabi/lib/thumb/v7-m/nofp\libc.a(lib_a-memset.o)

.debug_frame    0x00000000     0x1c7c
 .debug_frame   0x00000000      0x120 ./src/cr_startup_lpc17.o
 .debug_frame   0x00000120      0x2e8 ./src/main.o
 .debug_frame   0x00000408       0x50 C:\Users\247832\Documents\Stacja\Stacja pogodowa\Lib_CMSISv1p30_LPC17xx\Debug\libCMSISv1p30_LPC17xx.a(system_LPC17xx.o)
 .debug_frame   0x00000458       0x50 C:\Users\247832\Documents\Stacja\Stacja pogodowa\Lib_EaBaseBoard\Debug\libLib_EaBaseBoard.a(joystick.o)
 .debug_frame   0x000004a8       0x50 C:\Users\247832\Documents\Stacja\Stacja pogodowa\Lib_EaBaseBoard\Debug\libLib_EaBaseBoard.a(led7seg.o)
 .debug_frame   0x000004f8      0x24c C:\Users\247832\Documents\Stacja\Stacja pogodowa\Lib_EaBaseBoard\Debug\libLib_EaBaseBoard.a(light.o)
 .debug_frame   0x00000744      0x244 C:\Users\247832\Documents\Stacja\Stacja pogodowa\Lib_EaBaseBoard\Debug\libLib_EaBaseBoard.a(oled.o)
 .debug_frame   0x00000988       0x58 C:\Users\247832\Documents\Stacja\Stacja pogodowa\Lib_EaBaseBoard\Debug\libLib_EaBaseBoard.a(temp.o)
 .debug_frame   0x000009e0      0x428 C:\Users\247832\Documents\Stacja\Stacja pogodowa\Lib_MCU\Debug\libLib_MCU.a(lpc17xx_gpio.o)
 .debug_frame   0x00000e08      0x37c C:\Users\247832\Documents\Stacja\Stacja pogodowa\Lib_MCU\Debug\libLib_MCU.a(lpc17xx_i2c.o)
 .debug_frame   0x00001184       0xfc C:\Users\247832\Documents\Stacja\Stacja pogodowa\Lib_MCU\Debug\libLib_MCU.a(lpc17xx_pinsel.o)
 .debug_frame   0x00001280      0x2e4 C:\Users\247832\Documents\Stacja\Stacja pogodowa\Lib_MCU\Debug\libLib_MCU.a(lpc17xx_rtc.o)
 .debug_frame   0x00001564      0x2a0 C:\Users\247832\Documents\Stacja\Stacja pogodowa\Lib_MCU\Debug\libLib_MCU.a(lpc17xx_ssp.o)
 .debug_frame   0x00001804      0x2a4 C:\Users\247832\Documents\Stacja\Stacja pogodowa\Lib_MCU\Debug\libLib_MCU.a(lpc17xx_timer.o)
 .debug_frame   0x00001aa8      0x13c C:\Users\247832\Documents\Stacja\Stacja pogodowa\Lib_MCU\Debug\libLib_MCU.a(lpc17xx_clkpwr.o)
 .debug_frame   0x00001be4       0x2c c:/nxp/mcuxpressoide_11.3.1_5262/ide/plugins/com.nxp.mcuxpresso.tools.win32_11.3.0.202008311133/tools/bin/../lib/gcc/arm-none-eabi/9.3.1/thumb/v7-m/nofp\libgcc.a(_aeabi_uldivmod.o)
 .debug_frame   0x00001c10       0x34 c:/nxp/mcuxpressoide_11.3.1_5262/ide/plugins/com.nxp.mcuxpresso.tools.win32_11.3.0.202008311133/tools/bin/../lib/gcc/arm-none-eabi/9.3.1/thumb/v7-m/nofp\libgcc.a(_udivmoddi4.o)
 .debug_frame   0x00001c44       0x38 c:/nxp/mcuxpressoide_11.3.1_5262/ide/plugins/com.nxp.mcuxpresso.tools.win32_11.3.0.202008311133/tools/bin/../lib/gcc/arm-none-eabi/9.3.1/../../../../arm-none-eabi/lib/thumb/v7-m/nofp\libc.a(lib_a-memset.o)
